data/sales.csv
date,sku,price,promo_flag,discount_pct,is_weekend,is_holiday,sales
2026-01-05,SKU_01,0.75,0,0.0,0,0,16
2026-01-06,SKU_01,0.78,0,0.0,0,0,12
2026-01-07,SKU_01,0.8,0,0.0,0,1,18
2026-01-08,SKU_01,0.71,0,0.0,0,0,13
2026-01-09,SKU_01,0.77,0,0.0,0,0,11
2026-01-10,SKU_01,0.75,0,0.0,1,0,18
2026-01-11,SKU_01,0.67,0,0.0,1,0,21
2026-01-12,SKU_01,0.71,0,0.0,0,0,19
2026-01-13,SKU_01,0.72,0,0.0,0,0,13
2026-01-14,SKU_01,0.77,0,0.0,0,0,10
2026-01-15,SKU_01,0.75,0,0.0,0,0,14
2026-01-16,SKU_01,0.65,0,0.0,0,0,14
2026-01-17,SKU_01,0.7,0,0.0,1,0,13
2026-01-18,SKU_01,0.65,0,0.0,1,0,15
2026-01-19,SKU_01,0.56,0,0.0,0,0,17
2026-01-20,SKU_01,0.55,0,0.0,0,0,21
2026-01-21,SKU_01,0.53,1,0.208,0,0,27
2026-01-22,SKU_01,0.5,0,0.0,0,0,13
2026-01-23,SKU_01,0.51,0,0.0,0,0,19
2026-01-24,SKU_01,0.5,0,0.0,1,0,24
2026-01-25,SKU_01,0.5,0,0.0,1,0,20
2026-01-26,SKU_01,0.5,0,0.0,0,0,23
2026-01-27,SKU_01,0.54,0,0.0,0,0,24
2026-01-28,SKU_01,0.55,0,0.0,0,0,16
2026-01-29,SKU_01,0.54,0,0.0,0,0,10
2026-01-30,SKU_01,0.51,0,0.0,0,0,16
2026-01-31,SKU_01,0.5,0,0.0,1,0,22
2026-02-01,SKU_01,0.5,0,0.0,1,0,27
2026-02-02,SKU_01,0.52,0,0.0,0,0,23
2026-02-03,SKU_01,0.53,0,0.0,0,0,17
2026-02-04,SKU_01,0.58,0,0.0,0,0,15
2026-02-05,SKU_01,0.54,0,0.0,0,0,12
2026-02-06,SKU_01,0.53,0,0.0,0,0,17
2026-02-07,SKU_01,0.52,0,0.0,1,0,15
2026-02-08,SKU_01,0.53,0,0.0,1,0,18
2026-02-09,SKU_01,0.58,0,0.0,0,0,22
2026-02-10,SKU_01,0.55,0,0.0,0,0,12
2026-02-11,SKU_01,0.55,0,0.0,0,0,12
2026-02-12,SKU_01,0.52,0,0.0,0,0,20
2026-02-13,SKU_01,0.55,0,0.0,0,0,21
2026-02-14,SKU_01,0.54,0,0.0,1,0,18
2026-02-15,SKU_01,0.52,0,0.0,1,0,23
2026-02-16,SKU_01,0.5,0,0.0,0,0,23
2026-02-17,SKU_01,0.5,0,0.0,0,0,19
2026-02-18,SKU_01,0.52,0,0.0,0,0,11
2026-02-19,SKU_01,0.5,0,0.0,0,0,11
2026-02-20,SKU_01,0.5,0,0.0,0,0,13
2026-02-21,SKU_01,0.5,0,0.0,1,0,19
2026-02-22,SKU_01,0.5,0,0.0,1,0,26
2026-02-23,SKU_01,0.53,0,0.0,0,1,29
2026-02-24,SKU_01,0.54,0,0.0,0,0,17
2026-02-25,SKU_01,0.56,0,0.0,0,0,13
2026-02-26,SKU_01,0.63,0,0.0,0,0,13
2026-02-27,SKU_01,0.6,0,0.0,0,0,17
2026-02-28,SKU_01,0.63,0,0.0,1,0,18
2026-03-01,SKU_01,0.68,0,0.0,1,0,24
2026-03-02,SKU_01,0.75,0,0.0,0,0,20
2026-03-03,SKU_01,0.69,0,0.0,0,0,19
2026-03-04,SKU_01,0.71,0,0.0,0,0,9
2026-03-05,SKU_01,0.62,0,0.0,0,0,16
2026-03-06,SKU_01,0.59,0,0.0,0,0,15
2026-03-07,SKU_01,0.58,0,0.0,1,0,20
2026-03-08,SKU_01,0.54,0,0.0,1,1,23
2026-03-09,SKU_01,0.51,0,0.0,0,0,18
2026-03-10,SKU_01,0.52,0,0.0,0,0,16
2026-03-11,SKU_01,0.52,0,0.0,0,0,12
2026-03-12,SKU_01,0.55,0,0.0,0,0,13
2026-03-13,SKU_01,0.54,0,0.0,0,0,12
2026-03-14,SKU_01,0.56,0,0.0,1,0,22
2026-03-15,SKU_01,0.61,0,0.0,1,0,16
2026-03-16,SKU_01,0.58,0,0.0,0,0,33
2026-03-17,SKU_01,0.6,0,0.0,0,0,18
2026-03-18,SKU_01,0.67,0,0.0,0,0,16
2026-03-19,SKU_01,0.68,0,0.0,0,0,12
2026-03-20,SKU_01,0.59,0,0.0,0,0,19
2026-03-21,SKU_01,0.61,0,0.0,1,0,22
2026-03-22,SKU_01,0.58,1,0.155,1,0,34
2026-03-23,SKU_01,0.58,0,0.0,0,0,18
2026-03-24,SKU_01,0.59,0,0.0,0,0,17
2026-03-25,SKU_01,0.65,0,0.0,0,0,12
2026-03-26,SKU_01,0.66,0,0.0,0,0,16
2026-03-27,SKU_01,0.64,0,0.0,0,0,12
2026-03-28,SKU_01,0.62,0,0.0,1,0,15
2026-03-29,SKU_01,0.61,0,0.0,1,0,16
2026-03-30,SKU_01,0.54,0,0.0,0,0,21
2026-03-31,SKU_01,0.58,0,0.0,0,0,19
2026-04-01,SKU_01,0.53,0,0.0,0,0,10
2026-04-02,SKU_01,0.53,0,0.0,0,0,16
2026-04-03,SKU_01,0.51,0,0.0,0,0,16
2026-04-04,SKU_01,0.55,0,0.0,1,0,15
2026-04-05,SKU_01,0.54,0,0.0,1,0,19
2026-04-06,SKU_01,0.54,0,0.0,0,0,20
2026-04-07,SKU_01,0.51,0,0.0,0,0,16
2026-04-08,SKU_01,0.5,0,0.0,0,0,10
2026-04-09,SKU_01,0.53,0,0.0,0,0,8
2026-04-10,SKU_01,0.53,0,0.0,0,0,12
2026-04-11,SKU_01,0.59,0,0.0,1,0,13
2026-04-12,SKU_01,0.64,0,0.0,1,0,19
2026-04-13,SKU_01,0.59,0,0.0,0,0,21
2026-04-14,SKU_01,0.65,0,0.0,0,0,14
2026-04-15,SKU_01,0.67,0,0.0,0,0,10
2026-04-16,SKU_01,0.7,0,0.0,0,0,9
2026-04-17,SKU_01,0.7,0,0.0,0,0,18
2026-04-18,SKU_01,0.66,0,0.0,1,0,10
2026-04-19,SKU_01,0.66,0,0.0,1,0,17
2023-04-16,SKU_02,20.69,0,0.0,1,0,74
2023-04-17,SKU_02,20.76,0,0.0,0,0,76
2023-04-18,SKU_02,21.17,0,0.0,0,0,80
2023-04-19,SKU_02,19.65,0,0.0,0,0,65
2023-04-20,SKU_02,20.96,0,0.0,0,0,64
2023-04-21,SKU_02,20.17,0,0.0,0,0,69
2023-04-22,SKU_02,20.37,0,0.0,1,0,83
2023-04-23,SKU_02,20.33,0,0.0,1,0,74
2023-04-24,SKU_02,18.24,0,0.0,0,0,82
2023-04-25,SKU_02,18.75,0,0.0,0,0,88
2023-04-26,SKU_02,19.61,0,0.0,0,0,63
2023-04-27,SKU_02,20.12,0,0.0,0,0,62
2023-04-28,SKU_02,20.59,0,0.0,0,0,69
2023-04-29,SKU_02,22.97,0,0.0,1,0,80
2023-04-30,SKU_02,24.41,0,0.0,1,0,85
2023-05-01,SKU_02,24.02,0,0.0,0,1,87
2023-05-02,SKU_02,24.47,0,0.0,0,1,85
2023-05-03,SKU_02,25.03,0,0.0,0,0,62
2023-05-04,SKU_02,24.37,0,0.0,0,0,58
2023-05-05,SKU_02,24.57,0,0.0,0,0,66
2023-05-06,SKU_02,24.35,0,0.0,1,0,90
2023-05-07,SKU_02,25.88,0,0.0,1,0,67
2023-05-08,SKU_02,25.62,0,0.0,0,0,81
2023-05-09,SKU_02,24.79,0,0.0,0,1,80
2023-05-10,SKU_02,24.67,0,0.0,0,0,84
2023-05-11,SKU_02,24.88,0,0.0,0,0,69
2023-05-12,SKU_02,25.35,0,0.0,0,0,70
2023-05-13,SKU_02,27.62,0,0.0,1,0,83
2023-05-14,SKU_02,27.6,0,0.0,1,0,81
2023-05-15,SKU_02,28.36,0,0.0,0,0,87
2023-05-16,SKU_02,29.85,0,0.0,0,0,53
2023-05-17,SKU_02,29.91,0,0.0,0,0,65
2023-05-18,SKU_02,29.15,0,0.0,0,0,57
2023-05-19,SKU_02,29.38,0,0.0,0,0,65
2023-05-20,SKU_02,30.75,0,0.0,1,0,69
2023-05-21,SKU_02,31.5,0,0.0,1,0,75
2023-05-22,SKU_02,31.02,0,0.0,0,0,75
2023-05-23,SKU_02,32.24,0,0.0,0,0,60
2023-05-24,SKU_02,30.75,0,0.0,0,0,67
2023-05-25,SKU_02,29.47,0,0.0,0,0,71
2023-05-26,SKU_02,30.37,0,0.0,0,0,59
2023-05-27,SKU_02,27.76,0,0.0,1,0,81
2023-05-28,SKU_02,26.47,0,0.0,1,0,87
2023-05-29,SKU_02,25.49,0,0.0,0,0,103
2023-05-30,SKU_02,23.7,0,0.0,0,0,87
2023-05-31,SKU_02,24.22,0,0.0,0,0,97
2023-06-01,SKU_02,24.39,0,0.0,0,0,76
2023-06-02,SKU_02,22.87,0,0.0,0,0,75
2023-06-03,SKU_02,22.51,0,0.0,1,0,75
2023-06-04,SKU_02,23.7,0,0.0,1,0,98
2023-06-05,SKU_02,24.28,0,0.0,0,0,81
2023-06-06,SKU_02,24.13,0,0.0,0,0,91
2023-06-07,SKU_02,23.15,0,0.0,0,0,78
2023-06-08,SKU_02,19.47,0,0.0,0,0,91
2023-06-09,SKU_02,19.16,0,0.0,0,0,82
2023-06-10,SKU_02,19.29,0,0.0,1,0,110
2023-06-11,SKU_02,21.57,0,0.0,1,0,112
2023-06-12,SKU_02,20.97,0,0.0,0,0,92
2023-06-13,SKU_02,20.91,0,0.0,0,0,84
2023-06-14,SKU_02,22.25,0,0.0,0,0,89
2023-06-15,SKU_02,21.22,0,0.0,0,0,79
2023-06-16,SKU_02,20.46,0,0.0,0,0,92
2023-06-17,SKU_02,21.52,0,0.0,1,0,101
2023-06-18,SKU_02,20.96,0,0.0,1,0,112
2023-06-19,SKU_02,21.82,0,0.0,0,0,98
2023-06-20,SKU_02,22.27,0,0.0,0,0,95
2023-06-21,SKU_02,22.06,0,0.0,0,0,106
2023-06-22,SKU_02,21.65,0,0.0,0,0,82
2023-06-23,SKU_02,20.84,0,0.0,0,0,83
2023-06-24,SKU_02,20.8,0,0.0,1,0,109
2023-06-25,SKU_02,21.27,0,0.0,1,0,125
2023-06-26,SKU_02,21.83,0,0.0,0,0,111
2023-06-27,SKU_02,20.35,0,0.0,0,0,102
2023-06-28,SKU_02,21.43,0,0.0,0,0,82
2023-06-29,SKU_02,21.91,0,0.0,0,0,96
2023-06-30,SKU_02,22.38,0,0.0,0,0,94
2023-07-01,SKU_02,22.41,0,0.0,1,0,107
2023-07-02,SKU_02,23.74,0,0.0,1,0,115
2023-07-03,SKU_02,23.68,0,0.0,0,0,126
2023-07-04,SKU_02,24.67,0,0.0,0,0,118
2023-07-05,SKU_02,26.03,0,0.0,0,0,104
2023-07-06,SKU_02,26.56,0,0.0,0,0,164
2023-07-07,SKU_02,26.36,0,0.0,0,0,93
2023-07-08,SKU_02,25.29,0,0.0,1,0,116
2023-07-09,SKU_02,25.97,0,0.0,1,0,119
2023-07-10,SKU_02,26.14,0,0.0,0,0,126
2023-07-11,SKU_02,29.44,0,0.0,0,0,100
2023-07-12,SKU_02,30.67,0,0.0,0,0,84
2023-07-13,SKU_02,30.32,0,0.0,0,0,76
2023-07-14,SKU_02,31.4,0,0.0,0,0,80
2023-07-15,SKU_02,32.37,0,0.0,1,0,118
2023-07-16,SKU_02,31.03,0,0.0,1,0,124
2023-07-17,SKU_02,28.41,0,0.0,0,0,107
2023-07-18,SKU_02,29.45,0,0.0,0,0,95
2023-07-19,SKU_02,31.64,0,0.0,0,0,87
2023-07-20,SKU_02,31.51,0,0.0,0,0,91
2023-07-21,SKU_02,31.22,0,0.0,0,0,0
2023-07-22,SKU_02,30.41,0,0.0,1,0,118
2023-07-23,SKU_02,31.41,0,0.0,1,0,120
2023-07-24,SKU_02,31.68,0,0.0,0,0,119
2023-07-25,SKU_02,31.21,0,0.0,0,0,124
2023-07-26,SKU_02,31.51,0,0.0,0,0,107
2023-07-27,SKU_02,32.4,0,0.0,0,0,81
2023-07-28,SKU_02,32.11,0,0.0,0,0,110
2023-07-29,SKU_02,32.18,0,0.0,1,0,112
2023-07-30,SKU_02,33.78,0,0.0,1,0,127
2023-07-31,SKU_02,34.75,0,0.0,0,0,114
2023-08-01,SKU_02,36.13,0,0.0,0,0,123
2023-08-02,SKU_02,36.79,0,0.0,0,0,104
2023-08-03,SKU_02,35.4,0,0.0,0,0,84
2023-08-04,SKU_02,33.19,0,0.0,0,0,103
2023-08-05,SKU_02,34.47,0,0.0,1,0,118
2023-08-06,SKU_02,37.67,0,0.0,1,0,136
2023-08-07,SKU_02,36.72,0,0.0,0,0,120
2023-08-08,SKU_02,35.23,0,0.0,0,0,122
2023-08-09,SKU_02,37.93,0,0.0,0,0,94
2023-08-10,SKU_02,36.23,0,0.0,0,0,102
2023-08-11,SKU_02,36.36,0,0.0,0,0,127
2023-08-12,SKU_02,33.91,0,0.0,1,0,127
2023-08-13,SKU_02,32.21,0,0.0,1,0,160
2023-08-14,SKU_02,31.18,0,0.0,0,0,134
2023-08-15,SKU_02,31.86,0,0.0,0,0,137
2023-08-16,SKU_02,31.79,0,0.0,0,0,131
2023-08-17,SKU_02,32.25,0,0.0,0,0,121
2023-08-18,SKU_02,31.16,0,0.0,0,0,116
2023-08-19,SKU_02,31.8,0,0.0,1,0,143
2023-08-20,SKU_02,31.15,0,0.0,1,0,152
2023-08-21,SKU_02,30.74,0,0.0,0,0,157
2023-08-22,SKU_02,30.44,0,0.0,0,0,125
2023-08-23,SKU_02,31.48,0,0.0,0,0,122
2023-08-24,SKU_02,33.6,0,0.0,0,0,113
2023-08-25,SKU_02,35.1,0,0.0,0,0,106
2023-08-26,SKU_02,37.2,0,0.0,1,0,139
2023-08-27,SKU_02,35.16,0,0.0,1,0,141
2023-08-28,SKU_02,34.57,0,0.0,0,0,142
2023-08-29,SKU_02,34.69,0,0.0,0,0,143
2023-08-30,SKU_02,30.38,0,0.0,0,0,115
2023-08-31,SKU_02,29.94,0,0.0,0,0,117
2023-09-01,SKU_02,29.98,0,0.0,0,0,143
2023-09-02,SKU_02,27.27,0,0.0,1,0,172
2023-09-03,SKU_02,27.35,0,0.0,1,0,184
2023-09-04,SKU_02,25.66,0,0.0,0,0,167
2023-09-05,SKU_02,25.5,0,0.0,0,0,152
2023-09-06,SKU_02,24.61,0,0.0,0,0,148
2023-09-07,SKU_02,24.39,0,0.0,0,0,132
2023-09-08,SKU_02,25.55,0,0.0,0,0,145
2023-09-09,SKU_02,27.0,0,0.0,1,0,175
2023-09-10,SKU_02,26.99,0,0.0,1,0,198
2023-09-11,SKU_02,26.59,0,0.0,0,0,173
2023-09-12,SKU_02,26.55,0,0.0,0,0,164
2023-09-13,SKU_02,27.62,0,0.0,0,0,144
2023-09-14,SKU_02,27.4,0,0.0,0,0,148
2023-09-15,SKU_02,27.36,0,0.0,0,0,163
2023-09-16,SKU_02,26.27,0,0.0,1,0,184
2023-09-17,SKU_02,27.15,0,0.0,1,0,200
2023-09-18,SKU_02,25.68,0,0.0,0,0,179
2023-09-19,SKU_02,26.25,0,0.0,0,0,161
2023-09-20,SKU_02,26.78,0,0.0,0,0,156
2023-09-21,SKU_02,24.25,0,0.0,0,0,149
2023-09-22,SKU_02,25.09,0,0.0,0,0,167
2023-09-23,SKU_02,28.09,0,0.0,1,0,177
2023-09-24,SKU_02,29.71,0,0.0,1,0,188
2023-09-25,SKU_02,31.77,0,0.0,0,0,161
2023-09-26,SKU_02,29.91,0,0.0,0,0,182
2023-09-27,SKU_02,28.91,0,0.0,0,0,172
2023-09-28,SKU_02,26.54,0,0.0,0,0,155
2023-09-29,SKU_02,28.05,0,0.0,0,0,176
2023-09-30,SKU_02,30.6,0,0.0,1,0,197
2023-10-01,SKU_02,28.64,0,0.0,1,0,203
2023-10-02,SKU_02,32.06,0,0.0,0,0,184
2023-10-03,SKU_02,34.22,0,0.0,0,0,152
2023-10-04,SKU_02,31.29,0,0.0,0,0,155
2023-10-05,SKU_02,30.93,0,0.0,0,0,138
2023-10-06,SKU_02,32.65,0,0.0,0,0,157
2023-10-07,SKU_02,33.23,0,0.0,1,0,201
2023-10-08,SKU_02,32.94,0,0.0,1,0,190
2023-10-09,SKU_02,34.59,0,0.0,0,0,182
2023-10-10,SKU_02,33.74,0,0.0,0,0,163
2023-10-11,SKU_02,36.28,0,0.0,0,0,151
2023-10-12,SKU_02,35.16,0,0.0,0,0,146
2023-10-13,SKU_02,35.07,0,0.0,0,0,147
2023-10-14,SKU_02,35.9,0,0.0,1,0,183
2023-10-15,SKU_02,36.61,0,0.0,1,0,194
2023-10-16,SKU_02,39.87,0,0.0,0,0,168
2023-10-17,SKU_02,41.21,0,0.0,0,0,152
2023-10-18,SKU_02,40.87,0,0.0,0,0,138
2023-10-19,SKU_02,39.63,0,0.0,0,0,132
2023-10-20,SKU_02,39.05,0,0.0,0,0,153
2023-10-21,SKU_02,42.49,0,0.0,1,0,393
2023-10-22,SKU_02,42.39,0,0.0,1,0,198
2023-10-23,SKU_02,41.88,0,0.0,0,0,190
2023-10-24,SKU_02,42.54,0,0.0,0,0,171
2023-10-25,SKU_02,45.35,0,0.0,0,0,144
2023-10-26,SKU_02,45.42,0,0.0,0,0,132
2023-10-27,SKU_02,48.52,0,0.0,0,0,148
2023-10-28,SKU_02,48.47,0,0.0,1,0,172
2023-10-29,SKU_02,50.51,0,0.0,1,0,186
2023-10-30,SKU_02,50.7,0,0.0,0,0,190
2023-10-31,SKU_02,54.14,0,0.0,0,0,145
2023-11-01,SKU_02,49.75,0,0.0,0,0,137
2023-11-02,SKU_02,49.18,0,0.0,0,0,149
2023-11-03,SKU_02,50.7,0,0.0,0,0,139
2023-11-04,SKU_02,48.88,0,0.0,1,0,176
2023-11-05,SKU_02,49.15,0,0.0,1,0,187
2023-11-06,SKU_02,54.26,0,0.0,0,0,173
2023-11-07,SKU_02,54.67,0,0.0,0,0,149
2023-11-08,SKU_02,55.68,0,0.0,0,0,137
2023-11-09,SKU_02,50.68,0,0.0,0,0,138
2023-11-10,SKU_02,51.2,0,0.0,0,0,151
2023-11-11,SKU_02,51.7,0,0.0,1,0,186
2023-11-12,SKU_02,46.05,0,0.0,1,0,203
2023-11-13,SKU_02,42.93,0,0.0,0,0,180
2023-11-14,SKU_02,42.3,0,0.0,0,0,179
2023-11-15,SKU_02,41.44,0,0.0,0,0,130
2023-11-16,SKU_02,39.59,0,0.0,0,0,146
2023-11-17,SKU_02,38.38,0,0.0,0,0,159
2023-11-18,SKU_02,38.08,0,0.0,1,0,192
2023-11-19,SKU_02,40.32,0,0.0,1,0,196
2023-11-20,SKU_02,37.99,0,0.0,0,0,181
2023-11-21,SKU_02,37.18,1,0.08,0,0,226
2023-11-22,SKU_02,36.4,0,0.0,0,0,159
2023-11-23,SKU_02,37.84,0,0.0,0,0,153
2023-11-24,SKU_02,40.87,0,0.0,0,0,155
2023-11-25,SKU_02,40.42,0,0.0,1,0,199
2023-11-26,SKU_02,39.84,0,0.0,1,0,189
2023-11-27,SKU_02,39.57,0,0.0,0,0,167
2023-11-28,SKU_02,37.58,0,0.0,0,0,183
2023-11-29,SKU_02,37.72,0,0.0,0,0,158
2023-11-30,SKU_02,35.8,0,0.0,0,0,147
2023-12-01,SKU_02,35.61,0,0.0,0,0,161
2023-12-02,SKU_02,36.18,0,0.0,1,0,200
2023-12-03,SKU_02,35.87,0,0.0,1,0,213
2023-12-04,SKU_02,36.79,0,0.0,0,0,187
2023-12-05,SKU_02,36.83,0,0.0,0,0,165
2023-12-06,SKU_02,38.23,0,0.0,0,0,162
2023-12-07,SKU_02,40.68,0,0.0,0,0,130
2023-12-08,SKU_02,44.41,0,0.0,0,0,148
2023-12-09,SKU_02,43.87,0,0.0,1,0,177
2023-12-10,SKU_02,43.51,0,0.0,1,0,209
2023-12-11,SKU_02,42.21,0,0.0,0,0,186
2023-12-12,SKU_02,45.7,0,0.0,0,0,161
2023-12-13,SKU_02,45.13,0,0.0,0,0,161
2023-12-14,SKU_02,48.96,0,0.0,0,0,140
2023-12-15,SKU_02,47.82,0,0.0,0,0,146
2023-12-16,SKU_02,49.94,0,0.0,1,0,189
2023-12-17,SKU_02,47.57,0,0.0,1,0,191
2023-12-18,SKU_02,50.9,0,0.0,0,0,162
2023-12-19,SKU_02,48.54,0,0.0,0,0,143
2023-12-20,SKU_02,48.44,0,0.0,0,0,131
2023-12-21,SKU_02,49.48,0,0.0,0,0,148
2023-12-22,SKU_02,45.49,0,0.0,0,0,138
2023-12-23,SKU_02,46.76,0,0.0,1,0,172
2023-12-24,SKU_02,44.57,0,0.0,1,0,199
2023-12-25,SKU_02,45.66,0,0.0,0,0,173
2023-12-26,SKU_02,44.88,0,0.0,0,0,167
2023-12-27,SKU_02,44.74,0,0.0,0,0,159
2023-12-28,SKU_02,47.97,0,0.0,0,0,144
2023-12-29,SKU_02,47.18,0,0.0,0,0,160
2023-12-30,SKU_02,44.1,0,0.0,1,0,176
2023-12-31,SKU_02,41.7,0,0.0,1,0,177
2024-01-01,SKU_02,44.73,0,0.0,0,1,218
2024-01-02,SKU_02,43.96,0,0.0,0,0,147
2024-01-03,SKU_02,42.69,0,0.0,0,0,138
2024-01-04,SKU_02,42.82,0,0.0,0,0,122
2024-01-05,SKU_02,45.85,0,0.0,0,0,149
2024-01-06,SKU_02,47.28,0,0.0,1,0,177
2024-01-07,SKU_02,46.42,0,0.0,1,1,204
2024-01-08,SKU_02,46.96,1,0.067,0,0,214
2024-01-09,SKU_02,46.68,0,0.0,0,0,156
2024-01-10,SKU_02,49.23,0,0.0,0,0,123
2024-01-11,SKU_02,48.69,0,0.0,0,0,130
2024-01-12,SKU_02,48.72,0,0.0,0,0,137
2024-01-13,SKU_02,52.75,0,0.0,1,0,157
2024-01-14,SKU_02,54.3,0,0.0,1,0,175
2024-01-15,SKU_02,57.41,0,0.0,0,0,150
2024-01-16,SKU_02,53.96,0,0.0,0,0,233
2024-01-17,SKU_02,55.16,0,0.0,0,0,127
2024-01-18,SKU_02,54.41,0,0.0,0,0,124
2024-01-19,SKU_02,50.76,0,0.0,0,0,131
2024-01-20,SKU_02,50.43,0,0.0,1,0,155
2024-01-21,SKU_02,50.44,0,0.0,1,0,171
2024-01-22,SKU_02,49.55,0,0.0,0,0,145
2024-01-23,SKU_02,49.46,0,0.0,0,0,131
2024-01-24,SKU_02,51.63,0,0.0,0,0,123
2024-01-25,SKU_02,48.74,0,0.0,0,0,132
2024-01-26,SKU_02,47.07,0,0.0,0,0,124
2024-01-27,SKU_02,47.16,0,0.0,1,0,153
2024-01-28,SKU_02,48.66,0,0.0,1,0,160
2024-01-29,SKU_02,47.72,0,0.0,0,0,140
2024-01-30,SKU_02,47.27,0,0.0,0,0,130
2024-01-31,SKU_02,46.77,0,0.0,0,0,134
2024-02-01,SKU_02,47.02,0,0.0,0,0,112
2024-02-02,SKU_02,45.82,0,0.0,0,0,113
2024-02-03,SKU_02,44.62,0,0.0,1,0,345
2024-02-04,SKU_02,47.49,0,0.0,1,0,167
2024-02-05,SKU_02,49.06,0,0.0,0,0,151
2024-02-06,SKU_02,47.41,0,0.0,0,0,135
2024-02-07,SKU_02,48.42,0,0.0,0,0,111
2024-02-08,SKU_02,53.83,0,0.0,0,0,100
2024-02-09,SKU_02,53.1,0,0.0,0,0,124
2024-02-10,SKU_02,57.98,0,0.0,1,0,135
2024-02-11,SKU_02,54.68,0,0.0,1,0,153
2024-02-12,SKU_02,52.99,0,0.0,0,0,136
2024-02-13,SKU_02,53.07,0,0.0,0,0,119
2024-02-14,SKU_02,53.26,0,0.0,0,0,108
2024-02-15,SKU_02,52.74,0,0.0,0,0,94
2024-02-16,SKU_02,51.92,0,0.0,0,0,114
2024-02-17,SKU_02,50.97,0,0.0,1,0,145
2024-02-18,SKU_02,49.05,0,0.0,1,0,142
2024-02-19,SKU_02,50.81,1,0.232,0,0,225
2024-02-20,SKU_02,50.38,0,0.0,0,0,122
2024-02-21,SKU_02,47.53,0,0.0,0,0,104
2024-02-22,SKU_02,47.81,0,0.0,0,0,104
2024-02-23,SKU_02,48.13,0,0.0,0,1,148
2024-02-24,SKU_02,49.29,0,0.0,1,0,146
2024-02-25,SKU_02,45.14,0,0.0,1,0,147
2024-02-26,SKU_02,47.38,0,0.0,0,0,148
2024-02-27,SKU_02,48.35,0,0.0,0,0,128
2024-02-28,SKU_02,48.85,0,0.0,0,0,121
2024-02-29,SKU_02,43.66,0,0.0,0,0,110
2024-03-01,SKU_02,46.16,0,0.0,0,0,122
2024-03-02,SKU_02,45.97,0,0.0,1,0,137
2024-03-03,SKU_02,43.73,0,0.0,1,0,147
2024-03-04,SKU_02,46.26,0,0.0,0,0,135
2024-03-05,SKU_02,48.93,0,0.0,0,0,119
2024-03-06,SKU_02,48.61,0,0.0,0,0,112
2024-03-07,SKU_02,46.39,0,0.0,0,0,90
2024-03-08,SKU_02,46.14,0,0.0,0,1,122
2024-03-09,SKU_02,47.45,0,0.0,1,0,131
2024-03-10,SKU_02,48.59,0,0.0,1,0,131
2024-03-11,SKU_02,48.63,0,0.0,0,0,123
2024-03-12,SKU_02,54.32,0,0.0,0,0,116
2024-03-13,SKU_02,50.82,0,0.0,0,0,101
2024-03-14,SKU_02,49.78,0,0.0,0,0,101
2024-03-15,SKU_02,48.75,0,0.0,0,0,122
2024-03-16,SKU_02,50.68,0,0.0,1,0,115
2024-03-17,SKU_02,50.47,0,0.0,1,0,130
2024-03-18,SKU_02,52.29,0,0.0,0,0,135
2024-03-19,SKU_02,51.94,0,0.0,0,0,124
2024-03-20,SKU_02,55.3,0,0.0,0,0,98
2024-03-21,SKU_02,54.81,0,0.0,0,0,93
2024-03-22,SKU_02,56.35,0,0.0,0,0,94
2024-03-23,SKU_02,54.96,0,0.0,1,0,113
2024-03-24,SKU_02,58.17,0,0.0,1,0,128
2024-03-25,SKU_02,60.47,0,0.0,0,0,107
2024-03-26,SKU_02,58.17,0,0.0,0,0,105
2024-03-27,SKU_02,57.36,0,0.0,0,0,86
2024-03-28,SKU_02,53.41,0,0.0,0,0,83
2024-03-29,SKU_02,55.03,0,0.0,0,0,91
2024-03-30,SKU_02,55.32,0,0.0,1,0,124
2024-03-31,SKU_02,54.45,0,0.0,1,0,124
2024-04-01,SKU_02,57.42,0,0.0,0,0,109
2024-04-02,SKU_02,60.36,0,0.0,0,0,92
2024-04-03,SKU_02,61.67,0,0.0,0,0,86
2024-04-04,SKU_02,58.88,0,0.0,0,0,87
2024-04-05,SKU_02,58.04,0,0.0,0,0,85
2024-04-06,SKU_02,58.24,0,0.0,1,0,117
2024-04-07,SKU_02,59.38,0,0.0,1,0,121
2024-04-08,SKU_02,64.54,0,0.0,0,0,93
2024-04-09,SKU_02,65.92,0,0.0,0,0,95
2024-04-10,SKU_02,63.65,0,0.0,0,0,99
2024-04-11,SKU_02,63.78,0,0.0,0,0,96
2024-04-12,SKU_02,61.97,0,0.0,0,0,89
2024-04-13,SKU_02,63.1,0,0.0,1,0,106
2024-04-14,SKU_02,63.24,0,0.0,1,0,107
2024-04-15,SKU_02,61.6,0,0.0,0,0,109
2024-04-16,SKU_02,56.39,0,0.0,0,0,99
2024-04-17,SKU_02,54.14,0,0.0,0,0,89
2024-04-18,SKU_02,54.1,0,0.0,0,0,85
2024-04-19,SKU_02,47.65,0,0.0,0,0,110
2024-04-20,SKU_02,50.73,0,0.0,1,0,126
2024-04-21,SKU_02,50.88,0,0.0,1,0,120
2024-04-22,SKU_02,54.05,0,0.0,0,0,102
2024-04-23,SKU_02,50.95,0,0.0,0,0,110
2024-04-24,SKU_02,46.54,0,0.0,0,0,103
