data/sales.csv
date,sku,price,promo_flag,discount_pct,is_weekend,is_holiday,sales
2023-11-21,SKU_03,23.51,0,0.0,0,0,786
2023-11-22,SKU_03,28.03,0,0.0,0,0,819
2023-11-23,SKU_03,28.16,0,0.0,0,0,978
2023-11-24,SKU_03,29.3,0,0.0,0,0,1104
2023-11-25,SKU_03,31.73,0,0.0,1,0,1147
2023-11-26,SKU_03,30.13,0,0.0,1,0,978
2023-11-27,SKU_03,35.18,0,0.0,0,0,753
2023-11-28,SKU_03,34.22,0,0.0,0,0,731
2023-11-29,SKU_03,33.63,0,0.0,0,0,825
2023-11-30,SKU_03,34.15,0,0.0,0,0,977
2023-12-01,SKU_03,37.65,0,0.0,0,0,1077
2023-12-02,SKU_03,37.61,0,0.0,1,0,1138
2023-12-03,SKU_03,39.14,0,0.0,1,0,956
2023-12-04,SKU_03,42.83,0,0.0,0,0,740
2023-12-05,SKU_03,40.39,0,0.0,0,0,737
2023-12-06,SKU_03,41.59,0,0.0,0,0,821
2023-12-07,SKU_03,41.85,0,0.0,0,0,91
2023-12-08,SKU_03,40.51,0,0.0,0,0,1115
2023-12-09,SKU_03,40.83,0,0.0,1,0,1178
2023-12-10,SKU_03,41.19,0,0.0,1,0,991
2023-12-11,SKU_03,41.01,0,0.0,0,0,793
2023-12-12,SKU_03,38.79,0,0.0,0,0,799
2023-12-13,SKU_03,38.09,0,0.0,0,0,893
2023-12-14,SKU_03,38.47,0,0.0,0,0,1050
2023-12-15,SKU_03,38.49,0,0.0,0,0,1207
2023-12-16,SKU_03,41.01,0,0.0,1,0,1237
2023-12-17,SKU_03,41.8,0,0.0,1,0,1044
2023-12-18,SKU_03,35.85,0,0.0,0,0,892
2023-12-19,SKU_03,37.48,0,0.0,0,0,841
2023-12-20,SKU_03,41.08,0,0.0,0,0,940
2023-12-21,SKU_03,40.42,0,0.0,0,0,1087
2023-12-22,SKU_03,40.42,0,0.0,0,0,1254
2023-12-23,SKU_03,44.25,0,0.0,1,0,1274
2023-12-24,SKU_03,38.3,0,0.0,1,0,1127
2023-12-25,SKU_03,36.95,0,0.0,0,0,918
2023-12-26,SKU_03,37.19,0,0.0,0,0,897
2023-12-27,SKU_03,31.57,0,0.0,0,0,1070
2023-12-28,SKU_03,30.62,0,0.0,0,0,1270
2023-12-29,SKU_03,29.51,0,0.0,0,0,1482
2023-12-30,SKU_03,28.22,0,0.0,1,0,1578
2023-12-31,SKU_03,30.77,0,0.0,1,0,1283
2024-01-01,SKU_03,32.27,0,0.0,0,1,1221
2024-01-02,SKU_03,32.1,0,0.0,0,0,995
2024-01-03,SKU_03,33.36,0,0.0,0,0,1105
2024-01-04,SKU_03,34.18,0,0.0,0,0,1291
2024-01-05,SKU_03,33.61,0,0.0,0,0,1483
2024-01-06,SKU_03,34.13,0,0.0,1,0,1565
2024-01-07,SKU_03,33.58,0,0.0,1,1,1564
2024-01-08,SKU_03,34.51,0,0.0,0,0,1058
2024-01-09,SKU_03,32.84,0,0.0,0,0,1039
2024-01-10,SKU_03,28.69,0,0.0,0,0,1230
2024-01-11,SKU_03,28.97,0,0.0,0,0,1435
2024-01-12,SKU_03,32.59,0,0.0,0,0,1577
2024-01-13,SKU_03,35.52,0,0.0,1,0,1602
2024-01-14,SKU_03,35.56,0,0.0,1,0,1355
2024-01-15,SKU_03,34.61,0,0.0,0,0,1099
2024-01-16,SKU_03,32.51,0,0.0,0,0,1095
2024-01-17,SKU_03,34.17,0,0.0,0,0,1213
2024-01-18,SKU_03,30.77,0,0.0,0,0,1476
2024-01-19,SKU_03,29.11,0,0.0,0,0,1704
2024-01-20,SKU_03,31.06,1,0.286,1,0,3388
2024-01-21,SKU_03,30.43,0,0.0,1,0,1488
2024-01-22,SKU_03,30.78,0,0.0,0,0,1193
2024-01-23,SKU_03,31.32,0,0.0,0,0,1156
2024-01-24,SKU_03,28.35,0,0.0,0,0,1337
2024-01-25,SKU_03,26.41,0,0.0,0,0,1620
2024-01-26,SKU_03,28.25,0,0.0,0,0,1804
2024-01-27,SKU_03,26.91,0,0.0,1,0,1929
2024-01-28,SKU_03,29.25,0,0.0,1,0,1559
2024-01-29,SKU_03,30.79,0,0.0,0,0,1235
2024-01-30,SKU_03,27.39,0,0.0,0,0,1263
2024-01-31,SKU_03,28.75,0,0.0,0,0,1390
2024-02-01,SKU_03,28.7,0,0.0,0,0,1636
2024-02-02,SKU_03,27.22,0,0.0,0,0,1889
2024-02-03,SKU_03,26.53,0,0.0,1,0,1997
2024-02-04,SKU_03,27.38,0,0.0,1,0,1667
2024-02-05,SKU_03,25.25,0,0.0,0,0,1373
2024-02-06,SKU_03,24.92,0,0.0,0,0,1355
2024-02-07,SKU_03,25.98,0,0.0,0,0,1490
2024-02-08,SKU_03,28.89,0,0.0,0,0,1686
2024-02-09,SKU_03,26.06,0,0.0,0,0,1996
2024-02-10,SKU_03,23.62,0,0.0,1,0,2174
2024-02-11,SKU_03,22.0,0,0.0,1,0,1859
2024-02-12,SKU_03,20.55,0,0.0,0,0,1545
2024-02-13,SKU_03,21.38,0,0.0,0,0,1470
2024-02-14,SKU_03,22.45,0,0.0,0,0,1626
2024-02-15,SKU_03,22.94,0,0.0,0,0,1881
2024-02-16,SKU_03,24.36,0,0.0,0,0,2110
2024-02-17,SKU_03,24.92,0,0.0,1,0,2181
2024-02-18,SKU_03,22.96,0,0.0,1,0,1889
2024-02-19,SKU_03,23.4,0,0.0,0,0,1503
2024-02-20,SKU_03,20.54,1,0.24,0,0,2844
2024-02-21,SKU_03,20.45,0,0.0,0,0,1721
2024-02-22,SKU_03,20.67,0,0.0,0,0,1998
2024-02-23,SKU_03,20.35,0,0.0,0,1,2763
2024-02-24,SKU_03,21.43,0,0.0,1,0,2373
2024-02-25,SKU_03,21.0,0,0.0,1,0,1999
2024-02-26,SKU_03,21.7,0,0.0,0,0,1594
2024-02-27,SKU_03,21.85,0,0.0,0,0,1535
2024-02-28,SKU_03,22.66,0,0.0,0,0,1703
2024-02-29,SKU_03,17.75,0,0.0,0,0,2161
2024-03-01,SKU_03,17.31,0,0.0,0,0,2498
2024-03-02,SKU_03,19.9,0,0.0,1,0,2488
2024-03-03,SKU_03,20.52,0,0.0,1,0,2065
2024-03-04,SKU_03,20.63,0,0.0,0,0,1650
2024-03-05,SKU_03,21.01,0,0.0,0,0,1591
2024-03-06,SKU_03,19.16,0,0.0,0,0,1843
2024-03-07,SKU_03,19.93,0,0.0,0,0,2131
2024-03-08,SKU_03,21.96,0,0.0,0,1,2823
2024-03-09,SKU_03,23.2,0,0.0,1,0,2411
2024-03-10,SKU_03,21.34,0,0.0,1,0,2075
2024-03-11,SKU_03,21.06,0,0.0,0,0,1677
2024-03-12,SKU_03,18.83,0,0.0,0,0,1682
2024-03-13,SKU_03,19.21,0,0.0,0,0,1875
2024-03-14,SKU_03,18.21,0,0.0,0,0,2234
2024-03-15,SKU_03,18.11,0,0.0,0,0,2545
2024-03-16,SKU_03,18.89,0,0.0,1,0,2633
2024-03-17,SKU_03,19.02,0,0.0,1,0,2185
2024-03-18,SKU_03,19.86,0,0.0,0,0,1730
2024-03-19,SKU_03,19.22,0,0.0,0,0,1691
2024-03-20,SKU_03,18.85,0,0.0,0,0,1910
2024-03-21,SKU_03,18.4,0,0.0,0,0,2252
2024-03-22,SKU_03,18.33,0,0.0,0,0,2572
2024-03-23,SKU_03,18.02,0,0.0,1,0,2699
2024-03-24,SKU_03,20.01,0,0.0,1,0,2174
2024-03-25,SKU_03,23.3,0,0.0,0,0,1651
2024-03-26,SKU_03,21.91,0,0.0,0,0,1632
2024-03-27,SKU_03,20.98,0,0.0,0,0,1855
2024-03-28,SKU_03,20.6,0,0.0,0,0,2186
2024-03-29,SKU_03,22.57,0,0.0,0,0,2417
2024-03-30,SKU_03,21.21,0,0.0,1,0,2567
2024-03-31,SKU_03,20.3,0,0.0,1,0,2173
2024-04-01,SKU_03,19.75,0,0.0,0,0,1765
2024-04-02,SKU_03,20.1,0,0.0,0,0,1699
2024-04-03,SKU_03,23.93,0,0.0,0,0,1790
2024-04-04,SKU_03,28.0,0,0.0,0,0,1982
2024-04-05,SKU_03,30.06,0,0.0,0,0,2204
2024-04-06,SKU_03,31.58,1,0.155,1,0,3891
2024-04-07,SKU_03,30.23,0,0.0,1,0,1899
2024-04-08,SKU_03,32.64,0,0.0,0,0,1497
2024-04-09,SKU_03,31.76,0,0.0,0,0,1447
2024-04-10,SKU_03,30.99,0,0.0,0,0,1640
2024-04-11,SKU_03,26.84,0,0.0,0,0,2010
2024-04-12,SKU_03,25.0,0,0.0,0,0,2351
2024-04-13,SKU_03,25.09,0,0.0,1,0,2446
2024-04-14,SKU_03,24.13,0,0.0,1,0,2071
2024-04-15,SKU_03,20.73,0,0.0,0,0,1753
2024-04-16,SKU_03,19.96,0,0.0,0,0,1714
2024-04-17,SKU_03,21.6,0,0.0,0,0,1862
2024-04-18,SKU_03,19.04,0,0.0,0,0,2269
2024-04-19,SKU_03,18.28,0,0.0,0,0,2617
2024-04-20,SKU_03,18.87,0,0.0,1,0,2691
2024-04-21,SKU_03,23.07,0,0.0,1,0,2099
2024-04-22,SKU_03,21.69,0,0.0,0,0,1720
2024-04-23,SKU_03,20.14,0,0.0,0,0,1702
2024-04-24,SKU_03,20.73,0,0.0,0,0,1883
2024-04-25,SKU_03,19.0,0,0.0,0,0,2255
2024-04-26,SKU_03,19.39,0,0.0,0,0,2564
2024-04-27,SKU_03,20.17,0,0.0,1,0,2631
2024-04-28,SKU_03,19.15,1,0.275,1,0,4259
2024-04-29,SKU_03,19.84,0,0.0,0,0,1760
2024-04-30,SKU_03,20.08,0,0.0,0,0,1692
2024-05-01,SKU_03,21.6,0,0.0,0,1,2225
2024-05-02,SKU_03,22.75,0,0.0,0,1,2530
2024-05-03,SKU_03,20.99,0,0.0,0,0,2465
2024-05-04,SKU_03,23.93,0,0.0,1,0,2457
2024-05-05,SKU_03,27.26,0,0.0,1,0,1951
2024-05-06,SKU_03,25.55,0,0.0,0,0,1597
2024-05-07,SKU_03,28.46,0,0.0,0,0,1482
2024-05-08,SKU_03,27.13,0,0.0,0,0,1700
2024-05-09,SKU_03,30.95,1,0.173,0,1,316
2024-05-10,SKU_03,31.89,0,0.0,0,0,2111
2024-05-11,SKU_03,30.86,0,0.0,1,0,2227
2024-05-12,SKU_03,32.24,0,0.0,1,0,1821
2024-05-13,SKU_03,31.66,0,0.0,0,0,1455
2024-05-14,SKU_03,30.76,0,0.0,0,0,1428
2024-05-15,SKU_03,23.91,0,0.0,0,0,1747
2024-05-16,SKU_03,19.8,0,0.0,0,0,2165
2024-05-17,SKU_03,18.88,0,0.0,0,0,2508
2024-05-18,SKU_03,19.68,0,0.0,1,0,2575
2024-05-19,SKU_03,19.29,0,0.0,1,0,2143
2024-05-20,SKU_03,20.94,0,0.0,0,0,1673
2024-05-21,SKU_03,20.3,0,0.0,0,0,1629
2024-05-22,SKU_03,21.99,0,0.0,0,0,1774
2024-05-23,SKU_03,21.23,0,0.0,0,0,2087
2024-05-24,SKU_03,22.56,0,0.0,0,0,2324
2024-05-25,SKU_03,20.61,1,0.122,1,0,4186
2024-05-26,SKU_03,19.23,0,0.0,1,0,2132
2024-05-27,SKU_03,18.75,0,0.0,0,0,1708
2024-05-28,SKU_03,18.25,0,0.0,0,0,1673
2024-05-29,SKU_03,20.28,0,0.0,0,0,1807
2024-05-30,SKU_03,19.37,0,0.0,0,0,2130
2024-05-31,SKU_03,19.55,0,0.0,0,0,2411
2024-06-01,SKU_03,20.52,0,0.0,1,0,2462
2024-06-02,SKU_03,20.98,0,0.0,1,0,2031
2024-06-03,SKU_03,21.04,0,0.0,0,0,1616
2024-06-04,SKU_03,21.92,0,0.0,0,0,1535
2024-06-05,SKU_03,20.33,0,0.0,0,0,1773
2024-06-06,SKU_03,19.71,0,0.0,0,0,2090
2024-06-07,SKU_03,17.21,0,0.0,0,0,2481
2024-06-08,SKU_03,18.84,0,0.0,1,0,2487
2024-06-09,SKU_03,20.91,0,0.0,1,0,1990
2024-06-10,SKU_03,20.99,0,0.0,0,0,1589
2024-06-11,SKU_03,21.34,0,0.0,0,0,1523
2024-06-12,SKU_03,22.41,0,0.0,0,0,1677
2024-06-13,SKU_03,25.49,0,0.0,0,0,1860
2024-06-14,SKU_03,26.03,0,0.0,0,0,2106
2024-06-15,SKU_03,24.02,0,0.0,1,0,2259
2024-06-16,SKU_03,23.54,0,0.0,1,0,1873
2024-06-17,SKU_03,22.16,0,0.0,0,0,1536
2024-06-18,SKU_03,25.45,0,0.0,0,0,1412
2024-06-19,SKU_03,24.59,0,0.0,0,0,1595
2024-06-20,SKU_03,20.72,0,0.0,0,0,1974
2024-06-21,SKU_03,21.01,0,0.0,0,0,2214
2024-06-22,SKU_03,22.35,0,0.0,1,0,2266
2024-06-23,SKU_03,24.02,0,0.0,1,0,1836
2024-06-24,SKU_03,24.75,0,0.0,0,0,1448
2024-06-25,SKU_03,25.02,0,0.0,0,0,1390
2024-06-26,SKU_03,26.15,0,0.0,0,0,1527
2024-06-27,SKU_03,23.37,0,0.0,0,0,1840
2024-06-28,SKU_03,26.45,0,0.0,0,0,2006
2024-06-29,SKU_03,24.63,0,0.0,1,0,2138
2024-06-30,SKU_03,27.75,0,0.0,1,0,1709
2024-07-01,SKU_03,29.39,0,0.0,0,0,1337
2024-07-02,SKU_03,32.09,0,0.0,0,0,1251
2024-07-03,SKU_03,32.29,0,0.0,0,0,1393
2024-07-04,SKU_03,36.03,0,0.0,0,0,1553
2024-07-05,SKU_03,41.27,0,0.0,0,0,1684
2024-07-06,SKU_03,38.22,0,0.0,1,0,1809
2024-07-07,SKU_03,38.2,0,0.0,1,0,1498
2024-07-08,SKU_03,40.73,0,0.0,0,0,1170
2024-07-09,SKU_03,38.65,0,0.0,0,0,1153
2024-07-10,SKU_03,35.92,0,0.0,0,0,1316
2024-07-11,SKU_03,35.58,0,0.0,0,0,1527
2024-07-12,SKU_03,33.34,0,0.0,0,0,1785
2024-07-13,SKU_03,37.21,0,0.0,1,0,1786
2024-07-14,SKU_03,36.38,0,0.0,1,0,1497
2024-07-15,SKU_03,39.87,0,0.0,0,0,1151
2024-07-16,SKU_03,39.3,0,0.0,0,0,1127
2024-07-17,SKU_03,40.89,0,0.0,0,0,1248
2024-07-18,SKU_03,36.67,0,0.0,0,0,1495
2024-07-19,SKU_03,35.24,0,0.0,0,0,1721
2024-07-20,SKU_03,38.4,0,0.0,1,0,1742
2024-07-21,SKU_03,39.4,0,0.0,1,0,1443
2024-07-22,SKU_03,40.94,0,0.0,0,0,1131
2024-07-23,SKU_03,40.32,0,0.0,0,0,1099
2024-07-24,SKU_03,40.63,0,0.0,0,0,1238
2024-07-25,SKU_03,44.15,0,0.0,0,0,1387
2024-07-26,SKU_03,46.7,0,0.0,0,0,1541
2024-07-27,SKU_03,46.39,0,0.0,1,0,1608
2024-07-28,SKU_03,49.22,0,0.0,1,0,1311
2024-07-29,SKU_03,53.13,0,0.0,0,0,1979
2024-07-30,SKU_03,50.98,0,0.0,0,0,1003
2024-07-31,SKU_03,47.13,0,0.0,0,0,1153
2024-08-01,SKU_03,49.95,0,0.0,0,0,1308
2024-08-02,SKU_03,50.6,0,0.0,0,0,1473
2024-08-03,SKU_03,49.36,0,0.0,1,0,1562
2024-08-04,SKU_03,48.93,0,0.0,1,0,1299
2024-08-05,SKU_03,45.14,0,0.0,0,0,1078
2024-08-06,SKU_03,50.88,0,0.0,0,0,994
2024-08-07,SKU_03,48.29,0,0.0,0,0,1121
2024-08-08,SKU_03,43.81,0,0.0,0,0,1355
2024-08-09,SKU_03,36.89,0,0.0,0,0,1633
2024-08-10,SKU_03,32.98,0,0.0,1,0,1781
2024-08-11,SKU_03,32.38,0,0.0,1,0,1495
2024-08-12,SKU_03,29.93,0,0.0,0,0,115
2024-08-13,SKU_03,28.07,0,0.0,0,0,1221
2024-08-14,SKU_03,24.11,0,0.0,0,0,1449
2024-08-15,SKU_03,24.46,0,0.0,0,0,1669
2024-08-16,SKU_03,25.45,0,0.0,0,0,1861
2024-08-17,SKU_03,25.16,0,0.0,1,0,1954
2024-08-18,SKU_03,23.19,0,0.0,1,0,1672
2024-08-19,SKU_03,20.17,0,0.0,0,0,1408
2024-08-20,SKU_03,18.21,0,0.0,0,0,1418
2024-08-21,SKU_03,19.51,0,0.0,0,0,1546
2024-08-22,SKU_03,18.39,0,0.0,0,0,1837
2024-08-23,SKU_03,18.39,0,0.0,0,0,2099
2024-08-24,SKU_03,20.23,0,0.0,1,0,2119
2024-08-25,SKU_03,16.93,0,0.0,1,0,1882
2024-08-26,SKU_03,14.76,0,0.0,0,0,1583
2024-08-27,SKU_03,16.38,0,0.0,0,0,1487
2024-08-28,SKU_03,17.49,0,0.0,0,0,1617
2024-08-29,SKU_03,20.27,0,0.0,0,0,1782
2024-08-30,SKU_03,19.99,0,0.0,0,0,2044
2024-08-31,SKU_03,22.15,0,0.0,1,0,2066
2024-09-01,SKU_03,23.3,0,0.0,1,0,1688
2024-09-02,SKU_03,23.52,0,0.0,0,0,1362
2024-09-03,SKU_03,22.05,0,0.0,0,0,1339
2024-09-04,SKU_03,21.73,0,0.0,0,0,1522
2024-09-05,SKU_03,23.24,0,0.0,0,0,1726
2024-09-06,SKU_03,23.85,0,0.0,0,0,1950
2024-09-07,SKU_03,20.3,0,0.0,1,0,2162
2024-09-08,SKU_03,19.78,0,0.0,1,0,1822
2024-09-09,SKU_03,22.23,0,0.0,0,0,1407
2024-09-10,SKU_03,21.28,0,0.0,0,0,1382
2024-09-11,SKU_03,19.32,0,0.0,0,0,1610
2024-09-12,SKU_03,21.53,0,0.0,0,0,1814
2024-09-13,SKU_03,20.81,0,0.0,0,0,2087
2024-09-14,SKU_03,20.02,0,0.0,1,0,2226
2024-09-15,SKU_03,19.26,0,0.0,1,0,1874
2024-09-16,SKU_03,20.7,0,0.0,0,0,1472
2024-09-17,SKU_03,21.14,0,0.0,0,0,1411
2024-09-18,SKU_03,20.76,0,0.0,0,0,1595
2024-09-19,SKU_03,23.88,0,0.0,0,0,1770
2024-09-20,SKU_03,23.46,0,0.0,0,0,2046
2024-09-21,SKU_03,23.25,0,0.0,1,0,2150
2024-09-22,SKU_03,26.39,0,0.0,1,0,1715
2024-09-23,SKU_03,25.48,0,0.0,0,0,1397
2024-09-24,SKU_03,23.77,0,0.0,0,0,1395
2024-09-25,SKU_03,20.43,0,0.0,0,0,1650
2024-09-26,SKU_03,22.14,0,0.0,0,0,1880
2024-09-27,SKU_03,20.86,0,0.0,0,0,2191
2024-09-28,SKU_03,21.54,0,0.0,1,0,2279
2024-09-29,SKU_03,22.41,0,0.0,1,0,1884
2024-09-30,SKU_03,23.98,0,0.0,0,0,1461
2024-10-01,SKU_03,21.14,0,0.0,0,0,1490
2024-10-02,SKU_03,20.36,0,0.0,0,0,1711
2024-10-03,SKU_03,20.65,0,0.0,0,0,1979
2024-10-04,SKU_03,20.3,0,0.0,0,0,2294
2024-10-05,SKU_03,20.32,0,0.0,1,0,2402
2024-10-06,SKU_03,21.89,0,0.0,1,0,1961
2024-10-07,SKU_03,21.61,0,0.0,0,0,1582
2024-10-08,SKU_03,23.38,0,0.0,0,0,1496
2024-10-09,SKU_03,22.47,0,0.0,0,0,1704
2024-10-10,SKU_03,19.38,0,0.0,0,0,2108
2024-10-11,SKU_03,20.97,0,0.0,0,0,2349
2024-10-12,SKU_03,20.37,0,0.0,1,0,2494
2024-10-13,SKU_03,21.18,0,0.0,1,0,2067
2024-10-14,SKU_03,20.38,0,0.0,0,0,1685
2024-10-15,SKU_03,21.49,0,0.0,0,0,1603
2024-10-16,SKU_03,21.88,0,0.0,0,0,1794
2024-10-17,SKU_03,21.16,0,0.0,0,0,2117
2024-10-18,SKU_03,21.12,0,0.0,0,0,2428
2024-10-19,SKU_03,18.98,0,0.0,1,0,2665
2024-10-20,SKU_03,17.95,0,0.0,1,0,2264
2024-10-21,SKU_03,17.01,0,0.0,0,0,1860
2024-10-22,SKU_03,17.54,0,0.0,0,0,1790
2024-10-23,SKU_03,17.82,0,0.0,0,0,2005
2024-10-24,SKU_03,20.26,0,0.0,0,0,2253
2024-10-25,SKU_03,18.02,0,0.0,0,0,2688
2024-10-26,SKU_03,16.37,0,0.0,1,0,2914
2024-10-27,SKU_03,17.17,0,0.0,1,0,2406
2024-10-28,SKU_03,18.74,0,0.0,0,0,1880
2024-10-29,SKU_03,20.63,0,0.0,0,0,2441
2024-10-30,SKU_03,14.73,0,0.0,0,0,2249
2024-10-31,SKU_03,15.01,0,0.0,0,0,2618
2024-11-01,SKU_03,15.61,0,0.0,0,0,2952
2024-11-02,SKU_03,16.75,0,0.0,1,0,3022
2024-11-03,SKU_03,19.62,0,0.0,1,0,2414
2024-11-04,SKU_03,19.99,0,0.0,0,0,1921
2024-11-05,SKU_03,19.51,0,0.0,0,0,1883
2024-11-06,SKU_03,17.13,0,0.0,0,0,2232
2024-11-07,SKU_03,19.11,0,0.0,0,0,2504
2024-11-08,SKU_03,16.02,0,0.0,0,0,3067
2024-11-09,SKU_03,15.7,0,0.0,1,0,3244
2024-11-10,SKU_03,15.14,0,0.0,1,0,2762
2024-11-11,SKU_03,14.11,0,0.0,0,0,2270
2024-11-12,SKU_03,15.51,0,0.0,0,0,2129
2024-11-13,SKU_03,16.74,0,0.0,0,0,2353
2024-11-14,SKU_03,15.74,0,0.0,0,0,2830
2024-11-15,SKU_03,15.29,0,0.0,0,0,3258
2024-11-16,SKU_03,17.02,0,0.0,1,0,3293
2024-11-17,SKU_03,18.19,0,0.0,1,0,2711
2024-11-18,SKU_03,16.68,0,0.0,0,0,2249
2024-11-19,SKU_03,16.81,0,0.0,0,0,2187
2024-11-20,SKU_03,17.2,0,0.0,0,0,2440
2024-11-21,SKU_03,18.33,0,0.0,0,0,2789
2024-11-22,SKU_03,18.71,0,0.0,0,0,3178
2024-11-23,SKU_03,19.42,0,0.0,1,0,3300
2024-11-24,SKU_03,20.32,0,0.0,1,0,2725
2024-11-25,SKU_03,18.18,0,0.0,0,0,2264
2024-11-26,SKU_03,19.34,0,0.0,0,0,2178
2024-11-27,SKU_03,18.37,0,0.0,0,0,2497
2024-11-28,SKU_03,17.25,0,0.0,0,0,2996
2024-11-29,SKU_03,15.1,0,0.0,0,0,253
2024-11-30,SKU_03,15.22,0,0.0,1,0,253
2024-12-01,SKU_03,14.54,0,0.0,1,0,3205
2024-12-02,SKU_03,13.61,0,0.0,0,0,2643
2024-12-03,SKU_03,14.13,0,0.0,0,0,2533
2024-12-04,SKU_03,14.64,0,0.0,0,0,2828
2024-12-05,SKU_03,16.31,0,0.0,0,0,3191
2024-12-06,SKU_03,16.78,0,0.0,0,0,3611
2024-12-07,SKU_03,16.64,0,0.0,1,0,3807
2024-12-08,SKU_03,16.83,0,0.0,1,0,3189
2024-12-09,SKU_03,15.97,0,0.0,0,0,2608
2024-12-10,SKU_03,15.42,0,0.0,0,0,2584
2024-12-11,SKU_03,16.19,0,0.0,0,0,2850
2024-12-12,SKU_03,15.35,0,0.0,0,0,3407
2024-12-13,SKU_03,14.93,0,0.0,0,0,3944
2024-12-14,SKU_03,14.79,0,0.0,1,0,4147
2024-12-15,SKU_03,13.25,0,0.0,1,0,3611
2024-12-16,SKU_03,12.24,0,0.0,0,0,2990
2024-12-17,SKU_03,11.33,0,0.0,0,0,2993
2024-12-18,SKU_03,11.24,1,0.316,0,0,6681
2024-12-19,SKU_03,11.23,0,0.0,0,0,3964
2024-12-20,SKU_03,10.88,0,0.0,0,0,4586
2024-12-21,SKU_03,11.07,0,0.0,1,0,4779
2024-12-22,SKU_03,11.07,0,0.0,1,0,4012
2024-12-23,SKU_03,11.89,0,0.0,0,0,3143
2024-12-24,SKU_03,12.05,0,0.0,0,0,3043
2024-12-25,SKU_03,12.53,0,0.0,0,0,3387
2024-12-26,SKU_03,11.89,0,0.0,0,0,4037
2024-12-27,SKU_03,11.42,0,0.0,0,0,4678
2024-12-28,SKU_03,11.73,0,0.0,1,0,4873
2024-12-29,SKU_03,12.14,0,0.0,1,0,4039
2024-12-30,SKU_03,12.8,0,0.0,0,0,3184
2024-12-31,SKU_03,12.82,0,0.0,0,0,3089
2025-01-01,SKU_03,10.68,0,0.0,0,1,4455
2025-01-02,SKU_03,9.94,0,0.0,0,0,4443
2025-01-03,SKU_03,8.77,0,0.0,0,0,5319
2025-01-04,SKU_03,9.11,0,0.0,1,0,5509
2025-01-05,SKU_03,8.83,0,0.0,1,0,4659
2025-01-06,SKU_03,8.55,0,0.0,0,0,3788
2025-01-07,SKU_03,9.37,0,0.0,0,1,4292
2025-01-08,SKU_03,8.8,0,0.0,0,0,4123
2025-01-09,SKU_03,9.06,0,0.0,0,0,4770
2025-01-10,SKU_03,9.83,0,0.0,0,0,5295
2025-01-11,SKU_03,9.76,0,0.0,1,0,5570
2025-01-12,SKU_03,9.98,0,0.0,1,0,4627
2025-01-13,SKU_03,10.38,0,0.0,0,0,3670
2025-01-14,SKU_03,9.96,0,0.0,0,0,3614
2025-01-15,SKU_03,10.5,0,0.0,0,0,4001
2025-01-16,SKU_03,8.57,0,0.0,0,0,5024
2025-01-17,SKU_03,7.43,0,0.0,0,0,6017
2025-01-18,SKU_03,6.96,0,0.0,1,0,6466
2025-01-19,SKU_03,6.91,0,0.0,1,0,5440
2025-01-20,SKU_03,7.15,0,0.0,0,0,4320
2025-01-21,SKU_03,6.97,0,0.0,0,0,4230
2025-01-22,SKU_03,6.48,0,0.0,0,0,4879
2025-01-23,SKU_03,6.41,0,0.0,0,0,5721
2025-01-24,SKU_03,6.54,0,0.0,0,0,6502
2025-01-25,SKU_03,6.24,0,0.0,1,0,6926
2025-01-26,SKU_03,6.69,0,0.0,1,0,5657
2025-01-27,SKU_03,6.89,0,0.0,0,0,4492
2025-01-28,SKU_03,6.74,0,0.0,0,0,4399
2025-01-29,SKU_03,6.08,0,0.0,0,0,5123
2025-01-30,SKU_03,5.47,0,0.0,0,0,6217
2025-01-31,SKU_03,5.42,0,0.0,0,0,7129
2025-02-01,SKU_03,4.42,0,0.0,1,0,8010
2025-02-02,SKU_03,4.84,0,0.0,1,0,6495
2025-02-03,SKU_03,5.12,0,0.0,0,0,5110
2025-02-04,SKU_03,5.0,0,0.0,0,0,5015
2025-02-05,SKU_03,4.92,0,0.0,0,0,5652
2025-02-06,SKU_03,5.08,0,0.0,0,0,6546
2025-02-07,SKU_03,4.78,0,0.0,0,0,7631
2025-02-08,SKU_03,4.61,0,0.0,1,0,8084
2025-02-09,SKU_03,4.5,0,0.0,1,0,6810
2025-02-10,SKU_03,4.02,0,0.0,0,0,5690
2025-02-11,SKU_03,3.6,0,0.0,0,0,5740
2025-02-12,SKU_03,3.67,0,0.0,0,0,6408
2025-02-13,SKU_03,3.46,0,0.0,0,0,7642
2025-02-14,SKU_03,3.42,0,0.0,0,0,8742
2025-02-15,SKU_03,3.52,0,0.0,1,0,9056
2025-02-16,SKU_03,3.09,0,0.0,1,0,7943
2025-02-17,SKU_03,3.27,0,0.0,0,0,6245
2025-02-18,SKU_03,3.48,0,0.0,0,0,5906
2025-02-19,SKU_03,3.57,0,0.0,0,0,6582
2025-02-20,SKU_03,3.92,0,0.0,0,0,7440
2025-02-21,SKU_03,4.17,0,0.0,0,0,8295
2025-02-22,SKU_03,3.96,0,0.0,1,0,8835
2025-02-23,SKU_03,4.36,0,0.0,1,1,8560
2025-02-24,SKU_03,4.16,0,0.0,0,0,5827
