data/sales.csv
date,sku,price,promo_flag,discount_pct,is_weekend,is_holiday,sales
2025-02-25,SKU_03,4.43,0,0.0,0,0,5516
2025-02-26,SKU_03,4.93,0,0.0,0,0,5966
2025-02-27,SKU_03,4.73,0,0.0,0,0,7056
2025-02-28,SKU_03,5.13,0,0.0,0,0,7836
2025-03-01,SKU_03,5.56,0,0.0,1,0,7952
2025-03-02,SKU_03,4.98,0,0.0,1,0,6903
2025-03-03,SKU_03,4.42,0,0.0,0,0,5773
2025-03-04,SKU_03,5.13,0,0.0,0,0,5294
2025-03-05,SKU_03,5.05,0,0.0,0,0,5973
2025-03-06,SKU_03,5.02,0,0.0,0,0,6994
2025-03-07,SKU_03,4.9,0,0.0,0,0,8044
2025-03-08,SKU_03,4.51,0,0.0,1,1,10372
2025-03-09,SKU_03,5.0,0,0.0,1,0,6965
2025-03-10,SKU_03,4.94,0,0.0,0,0,5599
2025-03-11,SKU_03,5.7,0,0.0,0,0,5162
2025-03-12,SKU_03,5.27,0,0.0,0,0,5944
2025-03-13,SKU_03,4.9,0,0.0,0,0,7111
2025-03-14,SKU_03,4.65,0,0.0,0,0,8240
2025-03-15,SKU_03,4.75,0,0.0,1,0,8541
2025-03-16,SKU_03,4.71,0,0.0,1,0,7162
2025-03-17,SKU_03,4.75,0,0.0,0,0,5701
2025-03-18,SKU_03,5.22,0,0.0,0,0,5359
2025-03-19,SKU_03,5.76,0,0.0,0,0,10535
2025-03-20,SKU_03,5.73,0,0.0,0,0,6755
2025-03-21,SKU_03,5.78,0,0.0,0,0,7677
2025-03-22,SKU_03,5.33,0,0.0,1,0,8240
2025-03-23,SKU_03,6.1,0,0.0,1,0,6564
2025-03-24,SKU_03,6.64,0,0.0,0,0,5094
2025-03-25,SKU_03,7.2,0,0.0,0,0,4786
2025-03-26,SKU_03,7.64,0,0.0,0,0,5256
2025-03-27,SKU_03,8.52,0,0.0,0,0,5883
2025-03-28,SKU_03,9.51,0,0.0,0,0,6443
2025-03-29,SKU_03,11.21,0,0.0,1,0,6347
2025-03-30,SKU_03,10.4,0,0.0,1,0,5444
2025-03-31,SKU_03,10.06,1,0.139,0,0,7510
2025-04-01,SKU_03,10.63,0,0.0,0,0,4189
2025-04-02,SKU_03,9.82,0,0.0,0,0,4807
2025-04-03,SKU_03,10.66,0,0.0,0,0,5445
2025-04-04,SKU_03,11.9,0,0.0,0,0,5949
2025-04-05,SKU_03,12.64,0,0.0,1,0,6071
2025-04-06,SKU_03,13.16,0,0.0,1,0,4999
2025-04-07,SKU_03,11.8,0,0.0,0,0,4161
2025-04-08,SKU_03,11.46,0,0.0,0,0,4064
2025-04-09,SKU_03,11.52,0,0.0,0,0,4520
2025-04-10,SKU_03,10.89,0,0.0,0,0,5373
2025-04-11,SKU_03,11.84,0,0.0,0,0,5938
2025-04-12,SKU_03,13.05,0,0.0,1,0,5982
2025-04-13,SKU_03,14.76,0,0.0,1,0,4769
2025-04-14,SKU_03,14.37,0,0.0,0,0,3850
2025-04-15,SKU_03,13.45,0,0.0,0,0,3814
2025-04-16,SKU_03,15.39,0,0.0,0,0,4063
2025-04-17,SKU_03,14.49,0,0.0,0,0,4818
2025-04-18,SKU_03,14.48,0,0.0,0,0,5487
2025-04-19,SKU_03,13.78,0,0.0,1,0,5809
2025-04-20,SKU_03,13.49,0,0.0,1,0,4882
2025-04-21,SKU_03,13.06,0,0.0,0,0,3935
2025-04-22,SKU_03,12.87,0,0.0,0,0,3829
2025-04-23,SKU_03,12.97,0,0.0,0,0,4257
2025-04-24,SKU_03,11.46,0,0.0,0,0,5183
2025-04-25,SKU_03,11.94,0,0.0,0,0,5795
2025-04-26,SKU_03,12.66,0,0.0,1,0,5920
2025-04-27,SKU_03,11.52,0,0.0,1,0,5094
2025-04-28,SKU_03,11.15,0,0.0,0,0,4109
2025-04-29,SKU_03,11.01,0,0.0,0,0,3999
2025-04-30,SKU_03,10.8,0,0.0,0,0,4490
2025-05-01,SKU_03,10.45,0,0.0,0,1,6324
2025-05-02,SKU_03,10.7,0,0.0,0,1,7127
2025-05-03,SKU_03,9.98,0,0.0,1,0,13203
2025-05-04,SKU_03,9.65,0,0.0,1,0,5343
2025-05-05,SKU_03,9.99,0,0.0,0,0,4210
2025-05-06,SKU_03,10.85,0,0.0,0,0,3953
2025-05-07,SKU_03,12.35,0,0.0,0,0,4218
2025-05-08,SKU_03,13.3,0,0.0,0,0,4779
2025-05-09,SKU_03,13.28,0,0.0,0,1,6507
2025-05-10,SKU_03,12.38,0,0.0,1,0,5782
2025-05-11,SKU_03,10.78,0,0.0,1,0,5037
2025-05-12,SKU_03,11.6,0,0.0,0,0,3932
2025-05-13,SKU_03,11.77,0,0.0,0,0,3777
2025-05-14,SKU_03,11.68,0,0.0,0,0,4237
2025-05-15,SKU_03,13.1,0,0.0,0,0,4711
2025-05-16,SKU_03,12.88,0,0.0,0,0,5380
2025-05-17,SKU_03,11.78,0,0.0,1,0,5766
2025-05-18,SKU_03,13.12,0,0.0,1,0,4622
2025-05-19,SKU_03,12.62,0,0.0,0,0,3739
2025-05-20,SKU_03,13.7,0,0.0,0,0,3500
2025-05-21,SKU_03,14.42,0,0.0,0,0,3841
2025-05-22,SKU_03,13.59,0,0.0,0,0,4552
2025-05-23,SKU_03,12.52,0,0.0,0,0,5323
2025-05-24,SKU_03,12.75,0,0.0,1,0,5486
2025-05-25,SKU_03,11.88,0,0.0,1,0,4691
2025-05-26,SKU_03,13.81,0,0.0,0,0,3543
2025-05-27,SKU_03,14.29,0,0.0,0,0,3372
2025-05-28,SKU_03,11.81,0,0.0,0,0,4033
2025-05-29,SKU_03,10.55,0,0.0,0,0,4866
2025-05-30,SKU_03,9.63,0,0.0,0,0,5701
2025-05-31,SKU_03,9.17,0,0.0,1,0,6023
2025-06-01,SKU_03,9.45,0,0.0,1,0,4951
2025-06-02,SKU_03,8.53,0,0.0,0,0,4094
2025-06-03,SKU_03,8.14,0,0.0,0,0,4020
2025-06-04,SKU_03,8.06,0,0.0,0,0,4506
2025-06-05,SKU_03,7.81,0,0.0,0,0,5276
2025-06-06,SKU_03,7.83,0,0.0,0,0,5980
2025-06-07,SKU_03,7.46,0,0.0,1,0,479
2025-06-08,SKU_03,7.59,0,0.0,1,0,5223
2025-06-09,SKU_03,8.15,0,0.0,0,0,4060
2025-06-10,SKU_03,8.08,0,0.0,0,0,3929
2025-06-11,SKU_03,8.58,0,0.0,0,0,4281
2025-06-12,SKU_03,9.1,0,0.0,0,0,4874
2025-06-13,SKU_03,8.59,0,0.0,0,0,5641
2025-06-14,SKU_03,8.35,0,0.0,1,0,5927
2025-06-15,SKU_03,7.22,0,0.0,1,0,5175
2025-06-16,SKU_03,7.42,0,0.0,0,0,4088
2025-06-17,SKU_03,6.62,0,0.0,0,0,4096
2025-06-18,SKU_03,6.63,0,0.0,0,0,4576
2025-06-19,SKU_03,6.17,0,0.0,0,0,5439
2025-06-20,SKU_03,6.61,0,0.0,0,0,6032
2025-06-21,SKU_03,6.77,0,0.0,1,0,6203
2025-06-22,SKU_03,7.43,0,0.0,1,0,5004
2025-06-23,SKU_03,8.5,0,0.0,0,0,3802
2025-06-24,SKU_03,8.19,0,0.0,0,0,3708
2025-06-25,SKU_03,7.74,0,0.0,0,0,4218
2025-06-26,SKU_03,6.25,0,0.0,0,0,5281
2025-06-27,SKU_03,5.75,0,0.0,0,0,6159
2025-06-28,SKU_03,5.5,0,0.0,1,0,6503
2025-06-29,SKU_03,5.83,0,0.0,1,0,5300
2025-06-30,SKU_03,5.58,0,0.0,0,0,4284
2025-07-01,SKU_03,5.53,0,0.0,0,0,4144
2025-07-02,SKU_03,5.36,0,0.0,0,0,4681
2025-07-03,SKU_03,4.83,0,0.0,0,0,5634
2025-07-04,SKU_03,4.29,0,0.0,0,0,306
2025-07-05,SKU_03,4.09,0,0.0,1,0,7032
2025-07-06,SKU_03,4.4,0,0.0,1,0,5695
2025-07-07,SKU_03,4.54,0,0.0,0,0,4490
2025-07-08,SKU_03,4.85,0,0.0,0,0,4234
2025-07-09,SKU_03,4.95,0,0.0,0,0,4687
2025-07-10,SKU_03,4.58,0,0.0,0,0,5605
2025-07-11,SKU_03,4.6,0,0.0,0,0,6333
2025-07-12,SKU_03,4.14,0,0.0,1,0,6835
2025-07-13,SKU_03,4.12,0,0.0,1,0,5692
2025-07-14,SKU_03,3.53,0,0.0,0,0,4798
2025-07-15,SKU_03,3.22,0,0.0,0,0,4770
2025-07-16,SKU_03,3.42,0,0.0,0,0,5215
2025-07-17,SKU_03,3.7,0,0.0,0,0,5889
2025-07-18,SKU_03,3.68,0,0.0,0,0,6690
2025-07-19,SKU_03,3.86,0,0.0,1,0,6846
2025-07-20,SKU_03,3.6,0,0.0,1,0,5839
2025-07-21,SKU_03,3.91,0,0.0,0,0,4532
2025-07-22,SKU_03,3.86,0,0.0,0,0,4388
2025-07-23,SKU_03,3.93,0,0.0,0,0,4855
2025-07-24,SKU_03,3.76,0,0.0,0,0,5731
2025-07-25,SKU_03,4.01,0,0.0,0,0,6358
2025-07-26,SKU_03,4.04,0,0.0,1,0,6597
2025-07-27,SKU_03,4.1,0,0.0,1,0,5465
2025-07-28,SKU_03,4.19,0,0.0,0,0,4338
2025-07-29,SKU_03,3.93,0,0.0,0,0,4273
2025-07-30,SKU_03,4.28,0,0.0,0,0,4623
2025-07-31,SKU_03,4.51,0,0.0,0,0,5285
2025-08-01,SKU_03,4.02,0,0.0,0,0,6251
2025-08-02,SKU_03,3.66,0,0.0,1,0,6723
2025-08-03,SKU_03,3.54,0,0.0,1,0,5655
2025-08-04,SKU_03,3.9,0,0.0,0,0,4367
2025-08-05,SKU_03,3.68,0,0.0,0,0,4306
2025-08-06,SKU_03,4.03,0,0.0,0,0,4655
2025-08-07,SKU_03,4.25,0,0.0,0,0,5319
2025-08-08,SKU_03,4.44,0,0.0,0,0,5944
2025-08-09,SKU_03,4.52,0,0.0,1,0,6165
2025-08-10,SKU_03,4.53,0,0.0,1,0,5117
2025-08-11,SKU_03,4.75,0,0.0,0,0,4030
2025-08-12,SKU_03,4.74,0,0.0,0,0,3892
2025-08-13,SKU_03,3.91,0,0.0,0,0,4668
2025-08-14,SKU_03,4.03,0,0.0,0,0,5369
2025-08-15,SKU_03,4.44,0,0.0,0,0,230
2025-08-16,SKU_03,4.51,0,0.0,1,0,6110
2025-08-17,SKU_03,4.27,0,0.0,1,0,5198
2025-08-18,SKU_03,3.67,0,0.0,0,0,4366
2025-08-19,SKU_03,3.79,0,0.0,0,0,4181
2025-08-20,SKU_03,3.62,0,0.0,0,0,4752
2025-08-21,SKU_03,4.1,0,0.0,0,0,5294
2025-08-22,SKU_03,3.85,0,0.0,0,0,6173
2025-08-23,SKU_03,3.9,0,0.0,1,0,6398
2025-08-24,SKU_03,3.94,0,0.0,1,0,5313
2025-08-25,SKU_03,4.28,0,0.0,0,0,4138
2025-08-26,SKU_03,4.21,0,0.0,0,0,4029
2025-08-27,SKU_03,3.98,0,0.0,0,0,4596
2025-08-28,SKU_03,4.0,0,0.0,0,0,5343
2025-08-29,SKU_03,3.94,0,0.0,0,0,6114
2025-08-30,SKU_03,4.08,0,0.0,1,0,6313
2025-08-31,SKU_03,3.96,0,0.0,1,0,5316
2025-09-01,SKU_03,4.15,0,0.0,0,0,4195
2025-09-02,SKU_03,4.07,0,0.0,0,0,4084
2025-09-03,SKU_03,3.92,0,0.0,0,0,4632
2025-09-04,SKU_03,4.27,0,0.0,0,0,5253
2025-09-05,SKU_03,4.1,0,0.0,0,0,6054
2025-09-06,SKU_03,4.46,0,0.0,1,0,6160
2025-09-07,SKU_03,4.45,0,0.0,1,0,5145
2025-09-08,SKU_03,4.23,0,0.0,0,0,4195
2025-09-09,SKU_03,4.27,0,0.0,0,0,4044
2025-09-10,SKU_03,3.6,0,0.0,0,0,4838
2025-09-11,SKU_03,3.58,0,0.0,0,0,5636
2025-09-12,SKU_03,3.59,0,0.0,0,0,6423
2025-09-13,SKU_03,4.09,0,0.0,1,0,6405
2025-09-14,SKU_03,3.77,0,0.0,1,0,5527
2025-09-15,SKU_03,3.52,0,0.0,0,0,4532
2025-09-16,SKU_03,4.19,0,0.0,0,0,4135
2025-09-17,SKU_03,3.96,0,0.0,0,0,4732
2025-09-18,SKU_03,3.62,0,0.0,0,0,5721
2025-09-19,SKU_03,3.41,0,0.0,0,0,6654
2025-09-20,SKU_03,3.35,0,0.0,1,0,7012
2025-09-21,SKU_03,3.31,0,0.0,1,0,5888
2025-09-22,SKU_03,3.15,0,0.0,0,0,4808
2025-09-23,SKU_03,3.23,1,0.306,0,0,9076
2025-09-24,SKU_03,3.23,0,0.0,0,0,5203
2025-09-25,SKU_03,3.38,0,0.0,0,0,5976
2025-09-26,SKU_03,3.29,0,0.0,0,0,6891
2025-09-27,SKU_03,2.94,0,0.0,1,0,7499
2025-09-28,SKU_03,2.79,0,0.0,1,0,6392
2025-09-29,SKU_03,2.59,1,0.265,0,0,10015
2025-09-30,SKU_03,2.97,0,0.0,0,0,4880
2025-10-01,SKU_03,2.8,0,0.0,0,0,5613
2025-10-02,SKU_03,2.68,0,0.0,0,0,6650
2025-10-03,SKU_03,2.82,0,0.0,0,0,7469
2025-10-04,SKU_03,2.53,0,0.0,1,0,8113
2025-10-05,SKU_03,2.4,0,0.0,1,0,6924
2025-10-06,SKU_03,2.45,0,0.0,0,0,5540
2025-10-07,SKU_03,2.61,0,0.0,0,0,5251
2025-10-08,SKU_03,2.49,0,0.0,0,0,6006
2025-10-09,SKU_03,2.27,0,0.0,0,0,7270
2025-10-10,SKU_03,2.56,0,0.0,0,0,7955
2025-10-11,SKU_03,2.33,0,0.0,1,0,8624
2025-10-12,SKU_03,2.35,0,0.0,1,0,7207
2025-10-13,SKU_03,2.48,0,0.0,0,0,5684
2025-10-14,SKU_03,2.38,0,0.0,0,0,5604
2025-10-15,SKU_03,2.48,0,0.0,0,0,6234
2025-10-16,SKU_03,2.67,0,0.0,0,0,7107
2025-10-17,SKU_03,3.2,0,0.0,0,0,7626
2025-10-18,SKU_03,3.12,0,0.0,1,0,8060
2025-10-19,SKU_03,2.74,0,0.0,1,0,7074
2025-10-20,SKU_03,2.59,1,0.22,0,0,10624
2025-10-21,SKU_03,2.87,0,0.0,0,0,5450
2025-10-22,SKU_03,2.95,0,0.0,0,0,6078
2025-10-23,SKU_03,2.95,0,0.0,0,0,7114
2025-10-24,SKU_03,2.57,0,0.0,0,0,8543
2025-10-25,SKU_03,2.54,0,0.0,1,0,8990
2025-10-26,SKU_03,2.54,0,0.0,1,0,7553
2025-10-27,SKU_03,2.64,0,0.0,0,0,5983
2025-10-28,SKU_03,2.38,1,0.124,0,0,10146
2025-10-29,SKU_03,2.27,0,0.0,0,0,6927
2025-10-30,SKU_03,2.2,0,0.0,0,0,8212
2025-10-31,SKU_03,1.93,0,0.0,0,0,9811
2025-11-01,SKU_03,2.14,0,0.0,1,0,9940
2025-11-02,SKU_03,1.99,0,0.0,1,0,8551
2025-11-03,SKU_03,1.99,0,0.0,0,0,6887
2025-11-04,SKU_03,2.06,0,0.0,0,0,6624
2025-11-05,SKU_03,1.97,0,0.0,0,0,7568
2025-11-06,SKU_03,1.89,0,0.0,0,0,8992
2025-11-07,SKU_03,2.08,0,0.0,0,0,9981
2025-11-08,SKU_03,1.97,0,0.0,1,0,10649
2025-11-09,SKU_03,2.17,0,0.0,1,0,8656
2025-11-10,SKU_03,2.01,0,0.0,0,0,7146
2025-11-11,SKU_03,2.12,0,0.0,0,0,6837
2025-11-12,SKU_03,2.41,0,0.0,0,0,7353
2025-11-13,SKU_03,2.77,0,0.0,0,0,8206
2025-11-14,SKU_03,2.5,0,0.0,0,0,9744
2025-11-15,SKU_03,2.65,0,0.0,1,0,10006
2025-11-16,SKU_03,2.83,0,0.0,1,0,8216
2025-11-17,SKU_03,2.59,0,0.0,0,0,6820
2025-11-18,SKU_03,2.71,0,0.0,0,0,6541
2025-11-19,SKU_03,3.08,0,0.0,0,0,7036
2025-11-20,SKU_03,2.81,0,0.0,0,0,8523
2025-11-21,SKU_03,3.0,0,0.0,0,0,9531
2025-11-22,SKU_03,2.73,0,0.0,1,0,10342
2025-11-23,SKU_03,2.98,0,0.0,1,0,8420
2025-11-24,SKU_03,2.83,0,0.0,0,0,6895
2025-11-25,SKU_03,2.85,0,0.0,0,0,6687
2025-11-26,SKU_03,2.78,0,0.0,0,0,7614
2025-11-27,SKU_03,2.73,0,0.0,0,0,8976
2025-11-28,SKU_03,3.1,0,0.0,0,0,9827
2025-11-29,SKU_03,3.39,0,0.0,1,0,9992
2025-11-30,SKU_03,3.16,0,0.0,1,0,8584
2025-12-01,SKU_03,3.06,0,0.0,0,0,6992
2025-12-02,SKU_03,3.01,0,0.0,0,0,6844
2025-12-03,SKU_03,2.97,0,0.0,0,0,7752
2025-12-04,SKU_03,3.11,0,0.0,0,0,8944
2025-12-05,SKU_03,3.24,0,0.0,0,0,10077
2025-12-06,SKU_03,2.89,0,0.0,1,0,11005
2025-12-07,SKU_03,3.13,0,0.0,1,0,8986
2025-12-08,SKU_03,3.64,0,0.0,0,0,6853
2025-12-09,SKU_03,3.57,0,0.0,0,0,6696
2025-12-10,SKU_03,3.48,0,0.0,0,0,7625
2025-12-11,SKU_03,3.44,0,0.0,0,0,8978
2025-12-12,SKU_03,3.7,0,0.0,0,0,10017
2025-12-13,SKU_03,3.58,0,0.0,1,0,10618
2025-12-14,SKU_03,3.4,0,0.0,1,0,9067
2025-12-15,SKU_03,3.16,0,0.0,0,0,7479
2025-12-16,SKU_03,3.23,0,0.0,0,0,7229
2025-12-17,SKU_03,2.81,0,0.0,0,0,8554
2025-12-18,SKU_03,3.19,0,0.0,0,0,9567
2025-12-19,SKU_03,3.21,1,0.271,0,0,20829
2025-12-20,SKU_03,3.51,0,0.0,1,0,11107
2025-12-21,SKU_03,3.66,0,0.0,1,0,9178
2025-12-22,SKU_03,3.46,0,0.0,0,0,7539
2025-12-23,SKU_03,3.59,0,0.0,0,0,7232
2025-12-24,SKU_03,4.06,0,0.0,0,0,7778
2025-12-25,SKU_03,4.34,0,0.0,0,0,8915
2025-12-26,SKU_03,4.4,0,0.0,0,0,10148
2025-12-27,SKU_03,4.78,0,0.0,1,0,10342
2025-12-28,SKU_03,4.94,0,0.0,1,0,8572
2025-12-29,SKU_03,4.77,0,0.0,0,0,6969
2025-12-30,SKU_03,5.13,0,0.0,0,0,6609
2025-12-31,SKU_03,5.79,0,0.0,0,0,7132
2026-01-01,SKU_03,5.6,0,0.0,0,1,10129
2026-01-02,SKU_03,6.09,0,0.0,0,0,9371
2026-01-03,SKU_03,6.98,0,0.0,1,0,9368
2026-01-04,SKU_03,6.98,0,0.0,1,0,7855
2026-01-05,SKU_03,6.62,0,0.0,0,0,6439
2026-01-06,SKU_03,6.56,0,0.0,0,0,6271
2026-01-07,SKU_03,6.56,0,0.0,0,1,8469
2026-01-08,SKU_03,6.68,0,0.0,0,0,8192
2026-01-09,SKU_03,6.1,0,0.0,0,0,9666
2026-01-10,SKU_03,5.7,0,0.0,1,0,10394
2026-01-11,SKU_03,5.68,0,0.0,1,0,8705
2026-01-12,SKU_03,6.23,0,0.0,0,0,6775
2026-01-13,SKU_03,6.69,0,0.0,0,0,6413
2026-01-14,SKU_03,5.47,0,0.0,0,0,7742
2026-01-15,SKU_03,6.16,0,0.0,0,0,8680
2026-01-16,SKU_03,6.44,0,0.0,0,0,9769
2026-01-17,SKU_03,5.41,0,0.0,1,0,10877
2026-01-18,SKU_03,5.3,0,0.0,1,0,9167
2026-01-19,SKU_03,5.09,0,0.0,0,0,7476
2026-01-20,SKU_03,4.9,0,0.0,0,0,7352
2026-01-21,SKU_03,4.98,0,0.0,0,0,8217
2026-01-22,SKU_03,4.59,0,0.0,0,0,9873
2026-01-23,SKU_03,4.99,0,0.0,0,0,10959
2026-01-24,SKU_03,5.53,0,0.0,1,0,11067
2026-01-25,SKU_03,6.09,0,0.0,1,0,8963
2026-01-26,SKU_03,5.51,0,0.0,0,0,7448
2026-01-27,SKU_03,4.87,0,0.0,0,0,7549
2026-01-28,SKU_03,5.19,0,0.0,0,0,8304
2026-01-29,SKU_03,5.31,0,0.0,0,0,9618
2026-01-30,SKU_03,5.33,0,0.0,0,0,10960
2026-01-31,SKU_03,5.75,0,0.0,1,0,11173
2026-02-01,SKU_03,5.64,0,0.0,1,0,9416
2026-02-02,SKU_03,6.06,0,0.0,0,0,7372
2026-02-03,SKU_03,6.05,0,0.0,0,0,7153
2026-02-04,SKU_03,5.59,0,0.0,0,0,8262
2026-02-05,SKU_03,5.49,0,0.0,0,0,9707
2026-02-06,SKU_03,5.2,0,0.0,0,0,11289
2026-02-07,SKU_03,4.93,0,0.0,1,0,12029
2026-02-08,SKU_03,4.64,0,0.0,1,0,10284
2026-02-09,SKU_03,4.74,0,0.0,0,0,8174
2026-02-10,SKU_03,4.68,0,0.0,0,0,7963
2026-02-11,SKU_03,4.97,0,0.0,0,0,8774
2026-02-12,SKU_03,4.79,0,0.0,0,0,10366
2026-02-13,SKU_03,4.78,0,0.0,0,0,11821
2026-02-14,SKU_03,5.04,0,0.0,1,0,12138
2026-02-15,SKU_03,5.06,0,0.0,1,0,10152
2026-02-16,SKU_03,5.49,0,0.0,0,0,7903
2026-02-17,SKU_03,4.61,0,0.0,0,0,8137
2026-02-18,SKU_03,4.08,0,0.0,0,0,9521
2026-02-19,SKU_03,3.91,0,0.0,0,0,11299
2026-02-20,SKU_03,3.52,0,0.0,0,0,13349
2026-02-21,SKU_03,3.31,0,0.0,1,0,14264
2026-02-22,SKU_03,3.49,0,0.0,1,0,11696
2026-02-23,SKU_03,3.98,0,0.0,0,1,10747
2026-02-24,SKU_03,3.9,0,0.0,0,0,8738
2026-02-25,SKU_03,4.25,0,0.0,0,0,9503
2026-02-26,SKU_03,3.82,0,0.0,0,0,11512
2026-02-27,SKU_03,3.88,0,0.0,0,0,13039
2026-02-28,SKU_03,3.54,0,0.0,1,0,14070
2026-03-01,SKU_03,3.77,0,0.0,1,0,11499
2026-03-02,SKU_03,3.92,0,0.0,0,0,9080
2026-03-03,SKU_03,3.88,0,0.0,0,0,8831
2026-03-04,SKU_03,3.38,0,0.0,0,0,10392
2026-03-05,SKU_03,3.4,0,0.0,0,0,12096
2026-03-06,SKU_03,3.42,0,0.0,0,0,13747
2026-03-07,SKU_03,3.72,0,0.0,1,0,13935
2026-03-08,SKU_03,3.73,0,0.0,1,1,13953
2026-03-09,SKU_03,3.33,0,0.0,0,0,9682
2026-03-10,SKU_03,3.1,0,0.0,0,0,9601
2026-03-11,SKU_03,3.0,0,0.0,0,0,10900
2026-03-12,SKU_03,3.01,0,0.0,0,0,12695
2026-03-13,SKU_03,2.91,0,0.0,0,0,14600
2026-03-14,SKU_03,3.11,0,0.0,1,0,14893
2026-03-15,SKU_03,3.2,0,0.0,1,0,12309
2026-03-16,SKU_03,3.12,0,0.0,0,0,9955
2026-03-17,SKU_03,2.99,0,0.0,0,0,9774
2026-03-18,SKU_03,3.32,0,0.0,0,0,10541
2026-03-19,SKU_03,3.05,0,0.0,0,0,12641
2026-03-20,SKU_03,3.11,0,0.0,0,0,14302
2026-03-21,SKU_03,3.18,0,0.0,1,0,14781
2026-03-22,SKU_03,3.22,0,0.0,1,0,12288
2026-03-23,SKU_03,3.21,0,0.0,0,0,9830
2026-03-24,SKU_03,3.42,0,0.0,0,0,9305
2026-03-25,SKU_03,3.6,0,0.0,0,0,10231
2026-03-26,SKU_03,3.47,0,0.0,0,0,12064
2026-03-27,SKU_03,3.73,0,0.0,0,0,13386
2026-03-28,SKU_03,3.44,0,0.0,1,0,14356
2026-03-29,SKU_03,3.18,0,0.0,1,0,12308
2026-03-30,SKU_03,3.1,0,0.0,0,0,9941
2026-03-31,SKU_03,3.15,0,0.0,0,0,9535
2026-04-01,SKU_03,2.96,0,0.0,0,0,10931
2026-04-02,SKU_03,3.07,0,0.0,0,0,12535
2026-04-03,SKU_03,3.01,0,0.0,0,0,14369
2026-04-04,SKU_03,2.95,0,0.0,1,0,15068
2026-04-05,SKU_03,2.65,0,0.0,1,0,13045
2026-04-06,SKU_03,2.59,0,0.0,0,0,10496
2026-04-07,SKU_03,2.52,0,0.0,0,0,10243
2026-04-08,SKU_03,2.68,0,0.0,0,0,11220
2026-04-09,SKU_03,2.73,0,0.0,0,0,12967
2026-04-10,SKU_03,2.89,0,0.0,0,0,14452
2026-04-11,SKU_03,3.04,0,0.0,1,0,14789
2026-04-12,SKU_03,3.03,0,0.0,1,0,12334
2026-04-13,SKU_03,3.11,0,0.0,0,0,9769
2026-04-14,SKU_03,3.24,0,0.0,0,0,9282
2026-04-15,SKU_03,3.5,0,0.0,0,0,10123
2026-04-16,SKU_03,3.12,0,0.0,0,0,12264
2026-04-17,SKU_03,3.06,0,0.0,0,0,14020
2026-04-18,SKU_03,3.23,0,0.0,1,0,14318
2026-04-19,SKU_03,3.11,0,0.0,1,0,12077
2023-04-16,SKU_04,18.62,0,0.0,1,0,22
2023-04-17,SKU_04,18.77,0,0.0,0,0,18
2023-04-18,SKU_04,21.96,0,0.0,0,0,40
2023-04-19,SKU_04,21.74,0,0.0,0,0,35
2023-04-20,SKU_04,22.03,0,0.0,0,0,28
2023-04-21,SKU_04,22.83,0,0.0,0,0,36
2023-04-22,SKU_04,22.53,0,0.0,1,0,26
2023-04-23,SKU_04,21.53,0,0.0,1,0,48
2023-04-24,SKU_04,18.84,0,0.0,0,0,33
2023-04-25,SKU_04,17.38,0,0.0,0,0,48
2023-04-26,SKU_04,15.51,0,0.0,0,0,58
2023-04-27,SKU_04,16.81,0,0.0,0,0,40
2023-04-28,SKU_04,17.04,0,0.0,0,0,38
2023-04-29,SKU_04,16.88,0,0.0,1,0,64
2023-04-30,SKU_04,17.08,0,0.0,1,0,52
2023-05-01,SKU_04,17.31,1,0.308,0,1,97
2023-05-02,SKU_04,17.14,0,0.0,0,1,70
2023-05-03,SKU_04,17.91,0,0.0,0,0,49
2023-05-04,SKU_04,18.19,1,0.084,0,0,57
2023-05-05,SKU_04,19.98,0,0.0,0,0,45
2023-05-06,SKU_04,19.87,0,0.0,1,0,31
2023-05-07,SKU_04,19.42,0,0.0,1,0,52
2023-05-08,SKU_04,21.72,0,0.0,0,0,30
2023-05-09,SKU_04,19.23,0,0.0,0,1,59
2023-05-10,SKU_04,17.8,0,0.0,0,0,68
2023-05-11,SKU_04,18.3,0,0.0,0,0,70
2023-05-12,SKU_04,19.05,0,0.0,0,0,45
2023-05-13,SKU_04,19.21,0,0.0,1,0,58
2023-05-14,SKU_04,18.87,0,0.0,1,0,56
2023-05-15,SKU_04,18.15,0,0.0,0,0,47
2023-05-16,SKU_04,19.47,0,0.0,0,0,48
2023-05-17,SKU_04,22.03,0,0.0,0,0,64
2023-05-18,SKU_04,20.85,0,0.0,0,0,60
2023-05-19,SKU_04,20.97,0,0.0,0,0,63
2023-05-20,SKU_04,22.32,0,0.0,1,0,58
2023-05-21,SKU_04,20.67,0,0.0,1,0,52
2023-05-22,SKU_04,19.54,0,0.0,0,0,65
2023-05-23,SKU_04,20.05,0,0.0,0,0,40
2023-05-24,SKU_04,17.04,0,0.0,0,0,80
2023-05-25,SKU_04,17.66,0,0.0,0,0,71
2023-05-26,SKU_04,16.59,0,0.0,0,0,60
2023-05-27,SKU_04,16.16,0,0.0,1,0,68
2023-05-28,SKU_04,16.1,0,0.0,1,0,56
2023-05-29,SKU_04,15.43,0,0.0,0,0,71
2023-05-30,SKU_04,16.25,0,0.0,0,0,73
2023-05-31,SKU_04,15.04,0,0.0,0,0,78
2023-06-01,SKU_04,16.28,0,0.0,0,0,77
2023-06-02,SKU_04,18.33,0,0.0,0,0,87
2023-06-03,SKU_04,19.06,0,0.0,1,0,65
2023-06-04,SKU_04,19.64,0,0.0,1,0,41
2023-06-05,SKU_04,19.11,0,0.0,0,0,83
