data/sales.csv
date,sku,price,promo_flag,discount_pct,is_weekend,is_holiday,sales
2023-06-06,SKU_04,19.56,0,0.0,0,0,75
2023-06-07,SKU_04,19.99,0,0.0,0,0,88
2023-06-08,SKU_04,20.33,0,0.0,0,0,78
2023-06-09,SKU_04,18.29,0,0.0,0,0,59
2023-06-10,SKU_04,18.24,0,0.0,1,0,91
2023-06-11,SKU_04,16.78,0,0.0,1,0,82
2023-06-12,SKU_04,17.72,0,0.0,0,0,78
2023-06-13,SKU_04,19.95,0,0.0,0,0,89
2023-06-14,SKU_04,21.08,0,0.0,0,0,74
2023-06-15,SKU_04,18.88,0,0.0,0,0,83
2023-06-16,SKU_04,20.59,0,0.0,0,0,89
2023-06-17,SKU_04,21.22,0,0.0,1,0,92
2023-06-18,SKU_04,24.12,0,0.0,1,0,87
2023-06-19,SKU_04,24.04,0,0.0,0,0,82
2023-06-20,SKU_04,23.01,0,0.0,0,0,76
2023-06-21,SKU_04,23.84,0,0.0,0,0,90
2023-06-22,SKU_04,28.2,0,0.0,0,0,91
2023-06-23,SKU_04,29.82,0,0.0,0,0,80
2023-06-24,SKU_04,30.65,0,0.0,1,0,88
2023-06-25,SKU_04,31.15,0,0.0,1,0,83
2023-06-26,SKU_04,31.34,0,0.0,0,0,84
2023-06-27,SKU_04,30.11,0,0.0,0,0,76
2023-06-28,SKU_04,30.98,0,0.0,0,0,79
2023-06-29,SKU_04,28.83,0,0.0,0,0,82
2023-06-30,SKU_04,26.85,0,0.0,0,0,82
2023-07-01,SKU_04,29.66,0,0.0,1,0,80
2023-07-02,SKU_04,28.86,0,0.0,1,0,77
2023-07-03,SKU_04,29.92,0,0.0,0,0,82
2023-07-04,SKU_04,29.78,0,0.0,0,0,88
2023-07-05,SKU_04,26.54,0,0.0,0,0,75
2023-07-06,SKU_04,21.6,0,0.0,0,0,100
2023-07-07,SKU_04,22.6,0,0.0,0,0,92
2023-07-08,SKU_04,25.96,0,0.0,1,0,83
2023-07-09,SKU_04,30.1,0,0.0,1,0,72
2023-07-10,SKU_04,26.2,0,0.0,0,0,87
2023-07-11,SKU_04,26.04,0,0.0,0,0,85
2023-07-12,SKU_04,28.94,0,0.0,0,0,80
2023-07-13,SKU_04,27.59,0,0.0,0,0,95
2023-07-14,SKU_04,25.8,0,0.0,0,0,184
2023-07-15,SKU_04,27.55,0,0.0,1,0,88
2023-07-16,SKU_04,28.39,1,0.179,1,0,129
2023-07-17,SKU_04,27.72,0,0.0,0,0,84
2023-07-18,SKU_04,28.54,0,0.0,0,0,78
2023-07-19,SKU_04,32.2,0,0.0,0,0,86
2023-07-20,SKU_04,31.5,0,0.0,0,0,106
2023-07-21,SKU_04,31.01,0,0.0,0,0,86
2023-07-22,SKU_04,30.45,0,0.0,1,0,94
2023-07-23,SKU_04,30.48,0,0.0,1,0,91
2023-07-24,SKU_04,30.05,0,0.0,0,0,82
2023-07-25,SKU_04,33.32,0,0.0,0,0,87
2023-07-26,SKU_04,32.94,0,0.0,0,0,90
2023-07-27,SKU_04,33.78,0,0.0,0,0,104
2023-07-28,SKU_04,34.89,0,0.0,0,0,83
2023-07-29,SKU_04,38.71,0,0.0,1,0,94
2023-07-30,SKU_04,38.0,0,0.0,1,0,89
2023-07-31,SKU_04,34.18,0,0.0,0,0,89
2023-08-01,SKU_04,35.82,0,0.0,0,0,99
2023-08-02,SKU_04,34.02,0,0.0,0,0,81
2023-08-03,SKU_04,35.48,0,0.0,0,0,109
2023-08-04,SKU_04,37.34,0,0.0,0,0,91
2023-08-05,SKU_04,40.79,0,0.0,1,0,90
2023-08-06,SKU_04,46.52,0,0.0,1,0,98
2023-08-07,SKU_04,40.54,0,0.0,0,0,91
2023-08-08,SKU_04,40.92,0,0.0,0,0,102
2023-08-09,SKU_04,40.14,0,0.0,0,0,92
2023-08-10,SKU_04,43.28,0,0.0,0,0,91
2023-08-11,SKU_04,48.73,0,0.0,0,0,95
2023-08-12,SKU_04,51.67,0,0.0,1,0,99
2023-08-13,SKU_04,53.44,0,0.0,1,0,94
2023-08-14,SKU_04,57.46,0,0.0,0,0,81
2023-08-15,SKU_04,62.43,0,0.0,0,0,73
2023-08-16,SKU_04,58.41,0,0.0,0,0,72
2023-08-17,SKU_04,57.51,0,0.0,0,0,80
2023-08-18,SKU_04,53.32,0,0.0,0,0,104
2023-08-19,SKU_04,54.04,0,0.0,1,0,89
2023-08-20,SKU_04,64.6,0,0.0,1,0,55
2023-08-21,SKU_04,60.62,0,0.0,0,0,74
2023-08-22,SKU_04,49.47,0,0.0,0,0,88
2023-08-23,SKU_04,47.42,0,0.0,0,0,88
2023-08-24,SKU_04,48.56,0,0.0,0,0,88
2023-08-25,SKU_04,55.66,0,0.0,0,0,76
2023-08-26,SKU_04,60.42,0,0.0,1,0,76
2023-08-27,SKU_04,64.51,0,0.0,1,0,93
2023-08-28,SKU_04,61.28,0,0.0,0,0,80
2023-08-29,SKU_04,59.43,0,0.0,0,0,95
2023-08-30,SKU_04,60.29,0,0.0,0,0,101
2023-08-31,SKU_04,65.0,0,0.0,0,0,87
2023-09-01,SKU_04,64.34,0,0.0,0,0,85
2023-09-02,SKU_04,57.73,0,0.0,1,0,87
2023-09-03,SKU_04,55.09,0,0.0,1,0,90
2023-09-04,SKU_04,65.21,0,0.0,0,0,80
2023-09-05,SKU_04,66.6,1,0.242,0,0,139
2023-09-06,SKU_04,56.35,0,0.0,0,0,106
2023-09-07,SKU_04,57.1,0,0.0,0,0,101
2023-09-08,SKU_04,55.2,0,0.0,0,0,94
2023-09-09,SKU_04,64.66,0,0.0,1,0,97
2023-09-10,SKU_04,65.82,0,0.0,1,0,83
2023-09-11,SKU_04,71.83,0,0.0,0,0,59
2023-09-12,SKU_04,75.27,0,0.0,0,0,89
2023-09-13,SKU_04,73.67,0,0.0,0,0,83
2023-09-14,SKU_04,65.25,0,0.0,0,0,92
2023-09-15,SKU_04,62.71,0,0.0,0,0,94
2023-09-16,SKU_04,55.27,0,0.0,1,0,110
2023-09-17,SKU_04,56.68,0,0.0,1,0,105
2023-09-18,SKU_04,58.93,0,0.0,0,0,87
2023-09-19,SKU_04,54.52,0,0.0,0,0,89
2023-09-20,SKU_04,56.23,0,0.0,0,0,97
2023-09-21,SKU_04,60.68,0,0.0,0,0,97
2023-09-22,SKU_04,60.2,0,0.0,0,0,93
2023-09-23,SKU_04,56.55,0,0.0,1,0,95
2023-09-24,SKU_04,62.07,0,0.0,1,0,93
2023-09-25,SKU_04,62.99,0,0.0,0,0,93
2023-09-26,SKU_04,56.22,0,0.0,0,0,93
2023-09-27,SKU_04,55.04,0,0.0,0,0,107
2023-09-28,SKU_04,54.06,0,0.0,0,0,96
2023-09-29,SKU_04,53.39,0,0.0,0,0,104
2023-09-30,SKU_04,52.23,0,0.0,1,0,115
2023-10-01,SKU_04,51.95,0,0.0,1,0,117
2023-10-02,SKU_04,53.46,0,0.0,0,0,110
2023-10-03,SKU_04,56.97,0,0.0,0,0,97
2023-10-04,SKU_04,64.64,0,0.0,0,0,96
2023-10-05,SKU_04,61.82,0,0.0,0,0,124
2023-10-06,SKU_04,57.27,0,0.0,0,0,107
2023-10-07,SKU_04,58.98,0,0.0,1,0,89
2023-10-08,SKU_04,55.09,0,0.0,1,0,98
2023-10-09,SKU_04,56.28,0,0.0,0,0,129
2023-10-10,SKU_04,61.26,0,0.0,0,0,108
2023-10-11,SKU_04,61.7,0,0.0,0,0,114
2023-10-12,SKU_04,63.35,0,0.0,0,0,100
2023-10-13,SKU_04,63.48,0,0.0,0,0,107
2023-10-14,SKU_04,54.42,0,0.0,1,0,123
2023-10-15,SKU_04,56.44,0,0.0,1,0,104
2023-10-16,SKU_04,55.18,0,0.0,0,0,102
2023-10-17,SKU_04,61.68,0,0.0,0,0,101
2023-10-18,SKU_04,51.52,0,0.0,0,0,118
2023-10-19,SKU_04,48.12,0,0.0,0,0,118
2023-10-20,SKU_04,45.59,0,0.0,0,0,136
2023-10-21,SKU_04,45.08,0,0.0,1,0,119
2023-10-22,SKU_04,47.81,0,0.0,1,0,125
2023-10-23,SKU_04,40.17,0,0.0,0,0,127
2023-10-24,SKU_04,36.18,0,0.0,0,0,148
2023-10-25,SKU_04,38.36,0,0.0,0,0,162
2023-10-26,SKU_04,39.79,0,0.0,0,0,134
2023-10-27,SKU_04,43.02,0,0.0,0,0,125
2023-10-28,SKU_04,43.0,0,0.0,1,0,141
2023-10-29,SKU_04,42.71,0,0.0,1,0,142
2023-10-30,SKU_04,39.42,0,0.0,0,0,125
2023-10-31,SKU_04,40.05,0,0.0,0,0,144
2023-11-01,SKU_04,35.86,0,0.0,0,0,158
2023-11-02,SKU_04,31.89,0,0.0,0,0,155
2023-11-03,SKU_04,27.15,0,0.0,0,0,164
2023-11-04,SKU_04,27.57,0,0.0,1,0,178
2023-11-05,SKU_04,29.55,0,0.0,1,0,159
2023-11-06,SKU_04,28.05,0,0.0,0,0,147
2023-11-07,SKU_04,27.06,0,0.0,0,0,154
2023-11-08,SKU_04,27.15,0,0.0,0,0,172
2023-11-09,SKU_04,29.32,0,0.0,0,0,158
2023-11-10,SKU_04,27.22,0,0.0,0,0,165
2023-11-11,SKU_04,26.48,0,0.0,1,0,179
2023-11-12,SKU_04,24.57,0,0.0,1,0,317
2023-11-13,SKU_04,26.09,0,0.0,0,0,144
2023-11-14,SKU_04,27.39,0,0.0,0,0,147
2023-11-15,SKU_04,23.22,0,0.0,0,0,168
2023-11-16,SKU_04,21.33,0,0.0,0,0,188
2023-11-17,SKU_04,20.98,0,0.0,0,0,205
2023-11-18,SKU_04,19.28,0,0.0,1,0,202
2023-11-19,SKU_04,20.03,0,0.0,1,0,184
2023-11-20,SKU_04,22.6,0,0.0,0,0,174
2023-11-21,SKU_04,21.69,0,0.0,0,0,195
2023-11-22,SKU_04,23.67,0,0.0,0,0,204
2023-11-23,SKU_04,23.8,0,0.0,0,0,194
2023-11-24,SKU_04,23.6,0,0.0,0,0,196
2023-11-25,SKU_04,22.03,0,0.0,1,0,197
2023-11-26,SKU_04,22.44,0,0.0,1,0,200
2023-11-27,SKU_04,20.14,0,0.0,0,0,185
2023-11-28,SKU_04,19.27,0,0.0,0,0,222
2023-11-29,SKU_04,19.3,0,0.0,0,0,211
2023-11-30,SKU_04,20.59,0,0.0,0,0,214
2023-12-01,SKU_04,20.78,0,0.0,0,0,189
2023-12-02,SKU_04,21.07,0,0.0,1,0,225
2023-12-03,SKU_04,21.51,0,0.0,1,0,194
2023-12-04,SKU_04,23.59,0,0.0,0,0,187
2023-12-05,SKU_04,23.24,0,0.0,0,0,214
2023-12-06,SKU_04,23.79,0,0.0,0,0,207
2023-12-07,SKU_04,24.23,0,0.0,0,0,208
2023-12-08,SKU_04,24.22,0,0.0,0,0,202
2023-12-09,SKU_04,26.11,0,0.0,1,0,203
2023-12-10,SKU_04,27.95,0,0.0,1,0,185
2023-12-11,SKU_04,30.17,0,0.0,0,0,160
2023-12-12,SKU_04,31.72,0,0.0,0,0,191
2023-12-13,SKU_04,27.81,1,0.169,0,0,310
2023-12-14,SKU_04,27.42,0,0.0,0,0,204
2023-12-15,SKU_04,24.03,0,0.0,0,0,206
2023-12-16,SKU_04,21.73,0,0.0,1,0,246
2023-12-17,SKU_04,22.81,0,0.0,1,0,221
2023-12-18,SKU_04,23.31,0,0.0,0,0,199
2023-12-19,SKU_04,21.45,0,0.0,0,0,205
2023-12-20,SKU_04,20.99,0,0.0,0,0,224
2023-12-21,SKU_04,20.25,0,0.0,0,0,243
2023-12-22,SKU_04,22.04,0,0.0,0,0,217
2023-12-23,SKU_04,23.15,0,0.0,1,0,236
2023-12-24,SKU_04,23.29,0,0.0,1,0,200
2023-12-25,SKU_04,23.55,0,0.0,0,0,211
2023-12-26,SKU_04,23.34,0,0.0,0,0,218
2023-12-27,SKU_04,24.69,0,0.0,0,0,226
2023-12-28,SKU_04,26.14,0,0.0,0,0,207
2023-12-29,SKU_04,26.97,0,0.0,0,0,213
2023-12-30,SKU_04,24.83,0,0.0,1,0,235
2023-12-31,SKU_04,25.35,0,0.0,1,0,212
2024-01-01,SKU_04,28.53,0,0.0,0,1,249
2024-01-02,SKU_04,30.32,0,0.0,0,0,221
2024-01-03,SKU_04,27.73,0,0.0,0,0,222
2024-01-04,SKU_04,29.8,0,0.0,0,0,222
2024-01-05,SKU_04,25.89,0,0.0,0,0,233
2024-01-06,SKU_04,25.74,0,0.0,1,0,252
2024-01-07,SKU_04,27.16,0,0.0,1,1,283
2024-01-08,SKU_04,24.86,0,0.0,0,0,213
2024-01-09,SKU_04,23.36,0,0.0,0,0,240
2024-01-10,SKU_04,22.67,0,0.0,0,0,237
2024-01-11,SKU_04,23.82,0,0.0,0,0,241
2024-01-12,SKU_04,23.22,0,0.0,0,0,256
2024-01-13,SKU_04,24.17,0,0.0,1,0,246
2024-01-14,SKU_04,24.42,0,0.0,1,0,238
2024-01-15,SKU_04,20.38,0,0.0,0,0,229
2024-01-16,SKU_04,21.04,0,0.0,0,0,254
2024-01-17,SKU_04,20.72,0,0.0,0,0,257
2024-01-18,SKU_04,18.06,0,0.0,0,0,272
2024-01-19,SKU_04,17.1,0,0.0,0,0,292
2024-01-20,SKU_04,16.22,0,0.0,1,0,282
2024-01-21,SKU_04,15.53,0,0.0,1,0,287
2024-01-22,SKU_04,17.29,0,0.0,0,0,264
2024-01-23,SKU_04,16.38,0,0.0,0,0,276
2024-01-24,SKU_04,16.79,0,0.0,0,0,290
2024-01-25,SKU_04,18.68,0,0.0,0,0,275
2024-01-26,SKU_04,17.14,0,0.0,0,0,280
2024-01-27,SKU_04,15.59,0,0.0,1,0,299
2024-01-28,SKU_04,15.27,0,0.0,1,0,296
2024-01-29,SKU_04,14.27,0,0.0,0,0,291
2024-01-30,SKU_04,13.34,0,0.0,0,0,299
2024-01-31,SKU_04,12.96,0,0.0,0,0,335
2024-02-01,SKU_04,14.85,0,0.0,0,0,320
2024-02-02,SKU_04,13.68,0,0.0,0,0,700
2024-02-03,SKU_04,13.25,0,0.0,1,0,346
2024-02-04,SKU_04,13.6,0,0.0,1,0,333
2024-02-05,SKU_04,11.51,0,0.0,0,0,329
2024-02-06,SKU_04,12.12,0,0.0,0,0,326
2024-02-07,SKU_04,12.49,0,0.0,0,0,361
2024-02-08,SKU_04,12.91,0,0.0,0,0,350
2024-02-09,SKU_04,12.98,0,0.0,0,0,332
2024-02-10,SKU_04,14.75,0,0.0,1,0,338
2024-02-11,SKU_04,14.7,0,0.0,1,0,332
2024-02-12,SKU_04,13.97,0,0.0,0,0,310
2024-02-13,SKU_04,13.49,0,0.0,0,0,336
2024-02-14,SKU_04,13.25,0,0.0,0,0,339
2024-02-15,SKU_04,13.02,0,0.0,0,0,337
2024-02-16,SKU_04,15.07,0,0.0,0,0,344
2024-02-17,SKU_04,15.8,0,0.0,1,0,334
2024-02-18,SKU_04,13.71,0,0.0,1,0,355
2024-02-19,SKU_04,15.94,0,0.0,0,0,327
2024-02-20,SKU_04,16.34,0,0.0,0,0,323
2024-02-21,SKU_04,16.34,0,0.0,0,0,321
2024-02-22,SKU_04,16.81,0,0.0,0,0,326
2024-02-23,SKU_04,18.26,0,0.0,0,1,388
2024-02-24,SKU_04,18.49,0,0.0,1,0,341
2024-02-25,SKU_04,16.54,0,0.0,1,0,326
2024-02-26,SKU_04,15.54,0,0.0,0,0,325
2024-02-27,SKU_04,16.76,0,0.0,0,0,316
2024-02-28,SKU_04,16.65,0,0.0,0,0,341
2024-02-29,SKU_04,17.48,0,0.0,0,0,332
2024-03-01,SKU_04,17.88,0,0.0,0,0,338
2024-03-02,SKU_04,16.84,0,0.0,1,0,350
2024-03-03,SKU_04,15.17,0,0.0,1,0,342
2024-03-04,SKU_04,16.74,0,0.0,0,0,291
2024-03-05,SKU_04,16.64,0,0.0,0,0,332
2024-03-06,SKU_04,19.1,0,0.0,0,0,329
2024-03-07,SKU_04,19.56,0,0.0,0,0,330
2024-03-08,SKU_04,20.54,0,0.0,0,1,387
2024-03-09,SKU_04,22.89,0,0.0,1,0,317
2024-03-10,SKU_04,23.3,0,0.0,1,0,315
2024-03-11,SKU_04,24.71,0,0.0,0,0,282
2024-03-12,SKU_04,24.97,0,0.0,0,0,301
2024-03-13,SKU_04,25.9,0,0.0,0,0,311
2024-03-14,SKU_04,25.49,0,0.0,0,0,310
2024-03-15,SKU_04,27.41,0,0.0,0,0,308
2024-03-16,SKU_04,26.42,0,0.0,1,0,329
2024-03-17,SKU_04,22.95,0,0.0,1,0,316
2024-03-18,SKU_04,22.52,0,0.0,0,0,305
2024-03-19,SKU_04,23.62,0,0.0,0,0,317
2024-03-20,SKU_04,27.04,0,0.0,0,0,307
2024-03-21,SKU_04,25.69,0,0.0,0,0,323
2024-03-22,SKU_04,29.0,0,0.0,0,0,295
2024-03-23,SKU_04,29.25,0,0.0,1,0,315
2024-03-24,SKU_04,28.87,0,0.0,1,0,299
2024-03-25,SKU_04,32.48,0,0.0,0,0,269
2024-03-26,SKU_04,34.75,0,0.0,0,0,277
2024-03-27,SKU_04,32.99,0,0.0,0,0,282
2024-03-28,SKU_04,35.0,0,0.0,0,0,278
2024-03-29,SKU_04,36.98,0,0.0,0,0,306
2024-03-30,SKU_04,34.79,0,0.0,1,0,284
2024-03-31,SKU_04,33.16,0,0.0,1,0,292
2024-04-01,SKU_04,31.07,1,0.226,0,0,456
2024-04-02,SKU_04,28.29,0,0.0,0,0,316
2024-04-03,SKU_04,27.58,0,0.0,0,0,306
2024-04-04,SKU_04,29.03,0,0.0,0,0,306
2024-04-05,SKU_04,29.54,0,0.0,0,0,308
2024-04-06,SKU_04,28.38,0,0.0,1,0,328
2024-04-07,SKU_04,24.51,0,0.0,1,0,326
2024-04-08,SKU_04,25.89,0,0.0,0,0,287
2024-04-09,SKU_04,24.93,0,0.0,0,0,316
2024-04-10,SKU_04,28.83,0,0.0,0,0,317
2024-04-11,SKU_04,29.44,0,0.0,0,0,322
2024-04-12,SKU_04,28.68,0,0.0,0,0,321
2024-04-13,SKU_04,28.7,0,0.0,1,0,337
2024-04-14,SKU_04,27.17,0,0.0,1,0,300
2024-04-15,SKU_04,25.21,0,0.0,0,0,304
2024-04-16,SKU_04,22.86,0,0.0,0,0,341
2024-04-17,SKU_04,23.13,0,0.0,0,0,341
2024-04-18,SKU_04,23.57,0,0.0,0,0,340
2024-04-19,SKU_04,22.45,0,0.0,0,0,370
2024-04-20,SKU_04,23.46,0,0.0,1,0,361
2024-04-21,SKU_04,23.51,0,0.0,1,0,344
2024-04-22,SKU_04,24.34,0,0.0,0,0,306
2024-04-23,SKU_04,24.92,0,0.0,0,0,330
2024-04-24,SKU_04,23.81,0,0.0,0,0,349
2024-04-25,SKU_04,26.4,0,0.0,0,0,337
2024-04-26,SKU_04,26.71,0,0.0,0,0,332
2024-04-27,SKU_04,25.99,0,0.0,1,0,339
2024-04-28,SKU_04,28.83,0,0.0,1,0,315
2024-04-29,SKU_04,30.78,0,0.0,0,0,293
2024-04-30,SKU_04,31.13,0,0.0,0,0,305
2024-05-01,SKU_04,32.9,0,0.0,0,1,369
2024-05-02,SKU_04,34.87,0,0.0,0,1,365
2024-05-03,SKU_04,34.51,0,0.0,0,0,295
2024-05-04,SKU_04,31.89,0,0.0,1,0,335
2024-05-05,SKU_04,35.19,1,0.307,1,0,522
2024-05-06,SKU_04,38.19,0,0.0,0,0,268
2024-05-07,SKU_04,34.4,0,0.0,0,0,306
2024-05-08,SKU_04,35.95,0,0.0,0,0,310
2024-05-09,SKU_04,33.82,0,0.0,0,1,382
2024-05-10,SKU_04,36.73,0,0.0,0,0,302
2024-05-11,SKU_04,32.87,0,0.0,1,0,347
2024-05-12,SKU_04,34.11,0,0.0,1,0,302
2024-05-13,SKU_04,31.25,0,0.0,0,0,291
2024-05-14,SKU_04,32.27,0,0.0,0,0,310
2024-05-15,SKU_04,29.77,0,0.0,0,0,328
2024-05-16,SKU_04,26.74,0,0.0,0,0,348
2024-05-17,SKU_04,29.25,0,0.0,0,0,335
2024-05-18,SKU_04,31.58,0,0.0,1,0,327
2024-05-19,SKU_04,27.19,0,0.0,1,0,341
2024-05-20,SKU_04,30.34,0,0.0,0,0,310
2024-05-21,SKU_04,32.41,0,0.0,0,0,42
2024-05-22,SKU_04,29.16,0,0.0,0,0,333
2024-05-23,SKU_04,33.99,0,0.0,0,0,313
2024-05-24,SKU_04,28.89,0,0.0,0,0,334
2024-05-25,SKU_04,30.49,0,0.0,1,0,342
2024-05-26,SKU_04,33.86,0,0.0,1,0,304
2024-05-27,SKU_04,33.79,0,0.0,0,0,286
2024-05-28,SKU_04,31.61,0,0.0,0,0,329
2024-05-29,SKU_04,29.35,0,0.0,0,0,338
2024-05-30,SKU_04,25.78,0,0.0,0,0,358
2024-05-31,SKU_04,23.16,0,0.0,0,0,378
2024-06-01,SKU_04,24.09,0,0.0,1,0,388
2024-06-02,SKU_04,26.22,0,0.0,1,0,350
2024-06-03,SKU_04,22.79,0,0.0,0,0,344
2024-06-04,SKU_04,23.84,0,0.0,0,0,361
2024-06-05,SKU_04,21.65,0,0.0,0,0,382
2024-06-06,SKU_04,21.42,0,0.0,0,0,375
2024-06-07,SKU_04,19.85,1,0.256,0,0,649
2024-06-08,SKU_04,20.18,0,0.0,1,0,403
2024-06-09,SKU_04,21.0,0,0.0,1,0,369
2024-06-10,SKU_04,23.7,0,0.0,0,0,338
2024-06-11,SKU_04,22.9,0,0.0,0,0,350
2024-06-12,SKU_04,21.84,1,0.193,0,0,596
2024-06-13,SKU_04,22.15,0,0.0,0,0,383
2024-06-14,SKU_04,21.33,0,0.0,0,0,388
2024-06-15,SKU_04,22.65,1,0.345,1,0,697
2024-06-16,SKU_04,22.1,0,0.0,1,0,362
2024-06-17,SKU_04,23.26,0,0.0,0,0,336
2024-06-18,SKU_04,20.59,0,0.0,0,0,392
2024-06-19,SKU_04,22.77,0,0.0,0,0,368
2024-06-20,SKU_04,22.6,0,0.0,0,0,387
2024-06-21,SKU_04,23.3,0,0.0,0,0,365
2024-06-22,SKU_04,23.75,0,0.0,1,0,386
2024-06-23,SKU_04,22.67,0,0.0,1,0,361
2024-06-24,SKU_04,21.14,0,0.0,0,0,347
2024-06-25,SKU_04,22.62,0,0.0,0,0,366
2024-06-26,SKU_04,22.9,0,0.0,0,0,373
2024-06-27,SKU_04,21.13,0,0.0,0,0,387
2024-06-28,SKU_04,22.33,0,0.0,0,0,384
2024-06-29,SKU_04,20.96,0,0.0,1,0,404
2024-06-30,SKU_04,20.89,0,0.0,1,0,389
2024-07-01,SKU_04,19.66,0,0.0,0,0,381
2024-07-02,SKU_04,20.4,0,0.0,0,0,392
2024-07-03,SKU_04,22.68,0,0.0,0,0,385
2024-07-04,SKU_04,21.28,0,0.0,0,0,390
2024-07-05,SKU_04,20.93,0,0.0,0,0,388
2024-07-06,SKU_04,22.75,0,0.0,1,0,397
2024-07-07,SKU_04,18.78,0,0.0,1,0,386
2024-07-08,SKU_04,17.49,0,0.0,0,0,376
2024-07-09,SKU_04,15.91,0,0.0,0,0,417
2024-07-10,SKU_04,14.51,0,0.0,0,0,450
2024-07-11,SKU_04,14.86,0,0.0,0,0,455
2024-07-12,SKU_04,15.35,0,0.0,0,0,433
2024-07-13,SKU_04,14.51,0,0.0,1,0,468
2024-07-14,SKU_04,14.55,0,0.0,1,0,435
2024-07-15,SKU_04,15.91,0,0.0,0,0,413
2024-07-16,SKU_04,15.55,0,0.0,0,0,411
2024-07-17,SKU_04,16.05,0,0.0,0,0,422
2024-07-18,SKU_04,17.48,0,0.0,0,0,419
2024-07-19,SKU_04,16.69,0,0.0,0,0,426
2024-07-20,SKU_04,18.54,0,0.0,1,0,411
2024-07-21,SKU_04,21.02,0,0.0,1,0,380
2024-07-22,SKU_04,20.82,0,0.0,0,0,368
2024-07-23,SKU_04,19.56,0,0.0,0,0,397
2024-07-24,SKU_04,21.2,0,0.0,0,0,411
2024-07-25,SKU_04,24.76,0,0.0,0,0,369
2024-07-26,SKU_04,23.58,1,0.142,0,0,552
2024-07-27,SKU_04,26.61,0,0.0,1,0,377
2024-07-28,SKU_04,27.47,0,0.0,1,0,352
2024-07-29,SKU_04,30.01,0,0.0,0,0,314
2024-07-30,SKU_04,25.37,0,0.0,0,0,356
2024-07-31,SKU_04,23.37,0,0.0,0,0,373
2024-08-01,SKU_04,21.85,0,0.0,0,0,379
2024-08-02,SKU_04,20.84,0,0.0,0,0,399
2024-08-03,SKU_04,20.04,0,0.0,1,0,416
2024-08-04,SKU_04,21.62,0,0.0,1,0,17
2024-08-05,SKU_04,22.8,0,0.0,0,0,357
2024-08-06,SKU_04,23.65,0,0.0,0,0,374
2024-08-07,SKU_04,22.89,0,0.0,0,0,403
2024-08-08,SKU_04,21.8,0,0.0,0,0,523
2024-08-09,SKU_04,21.21,0,0.0,0,0,391
2024-08-10,SKU_04,18.74,0,0.0,1,0,430
2024-08-11,SKU_04,18.95,0,0.0,1,0,400
2024-08-12,SKU_04,18.56,0,0.0,0,0,383
2024-08-13,SKU_04,18.52,0,0.0,0,0,397
2024-08-14,SKU_04,21.22,0,0.0,0,0,398
2024-08-15,SKU_04,23.12,0,0.0,0,0,384
2024-08-16,SKU_04,24.15,0,0.0,0,0,395
2024-08-17,SKU_04,22.13,0,0.0,1,0,415
2024-08-18,SKU_04,24.34,1,0.324,1,0,982
2024-08-19,SKU_04,25.02,0,0.0,0,0,346
2024-08-20,SKU_04,25.62,0,0.0,0,0,363
2024-08-21,SKU_04,26.53,0,0.0,0,0,367
2024-08-22,SKU_04,28.0,0,0.0,0,0,377
2024-08-23,SKU_04,28.85,0,0.0,0,0,359
2024-08-24,SKU_04,26.9,0,0.0,1,0,389
2024-08-25,SKU_04,29.43,0,0.0,1,0,370
2024-08-26,SKU_04,31.75,0,0.0,0,0,303
2024-08-27,SKU_04,29.83,0,0.0,0,0,367
2024-08-28,SKU_04,29.25,0,0.0,0,0,355
2024-08-29,SKU_04,32.09,0,0.0,0,0,345
2024-08-30,SKU_04,31.55,0,0.0,0,0,354
2024-08-31,SKU_04,31.76,0,0.0,1,0,352
2024-09-01,SKU_04,32.45,0,0.0,1,0,338
2024-09-02,SKU_04,34.85,0,0.0,0,0,321
2024-09-03,SKU_04,30.47,0,0.0,0,0,337
2024-09-04,SKU_04,30.69,0,0.0,0,0,361
2024-09-05,SKU_04,26.27,0,0.0,0,0,378
2024-09-06,SKU_04,27.2,0,0.0,0,0,373
2024-09-07,SKU_04,27.02,0,0.0,1,0,392
2024-09-08,SKU_04,27.69,0,0.0,1,0,325
2024-09-09,SKU_04,31.01,0,0.0,0,0,320
2024-09-10,SKU_04,31.59,0,0.0,0,0,342
2024-09-11,SKU_04,33.88,0,0.0,0,0,341
2024-09-12,SKU_04,31.49,0,0.0,0,0,352
2024-09-13,SKU_04,28.96,0,0.0,0,0,354
2024-09-14,SKU_04,31.23,0,0.0,1,0,383
2024-09-15,SKU_04,29.12,0,0.0,1,0,348
2024-09-16,SKU_04,31.4,0,0.0,0,0,329
2024-09-17,SKU_04,39.02,0,0.0,0,0,307
2024-09-18,SKU_04,34.62,0,0.0,0,0,342
2024-09-19,SKU_04,34.25,0,0.0,0,0,350
2024-09-20,SKU_04,35.05,0,0.0,0,0,339
2024-09-21,SKU_04,37.39,0,0.0,1,0,357
2024-09-22,SKU_04,43.73,0,0.0,1,0,334
